julia> L = [1 0 0 0;
            2 sqrt(5) 0 0;
            1 -2/sqrt(5) sqrt(14) 0;
            -3 1/sqrt(5) 22/(5*sqrt(15)) sqrt(15);]
4×4 Matrix{Float64}:
  1.0   0.0       0.0      0.0
  2.0   2.23607   0.0      0.0
  1.0  -0.894427  3.74166  0.0
 -3.0   0.447214  1.13608  3.87298

julia> using LinearAlgebra

julia> L
4×4 Matrix{Float64}:
  1.0   0.0       0.0      0.0
  2.0   2.23607   0.0      0.0
  1.0  -0.894427  3.74166  0.0
 -3.0   0.447214  1.13608  3.87298

julia> LL'
ERROR: UndefVarError: LL not defined
Stacktrace:
 [1] top-level scope
   @ REPL[4]:1

julia> L * L'
4×4 Matrix{Float64}:
  1.0   2.0           1.0          -3.0
  2.0   9.0          -4.53932e-17  -5.0
  1.0  -4.53932e-17  15.8           0.850804
 -3.0  -5.0           0.850804     25.4907

julia> L
4×4 Matrix{Float64}:
  1.0   0.0       0.0      0.0
  2.0   2.23607   0.0      0.0
  1.0  -0.894427  3.74166  0.0
 -3.0   0.447214  1.13608  3.87298

julia> -2/sqrt(5)
-0.8944271909999159

julia> L
4×4 Matrix{Float64}:
  1.0   0.0       0.0      0.0
  2.0   2.23607   0.0      0.0
  1.0  -0.894427  3.74166  0.0
 -3.0   0.447214  1.13608  3.87298

julia> sqrt(14)
3.7416573867739413

julia> L
4×4 Matrix{Float64}:
  1.0   0.0       0.0      0.0
  2.0   2.23607   0.0      0.0
  1.0  -0.894427  3.74166  0.0
 -3.0   0.447214  1.13608  3.87298

julia> L = [1 0 0 0;2 1  0 0;1 -2 1 0;-3 1 2/3 1;]
4×4 Matrix{Float64}:
  1.0   0.0  0.0       0.0
  2.0   1.0  0.0       0.0
  1.0  -2.0  1.0       0.0
 -3.0   1.0  0.666667  1.0

julia> D = Diagonal([1 1 9 1])
1×1 Diagonal{Int64, Vector{Int64}}:
 1

julia> D = Diagonal(1 1 9 1)
ERROR: syntax: missing comma or ) in argument list
Stacktrace:
 [1] top-level scope
   @ none:1

julia> D = Diagonal([1 ,1, 9, 1])
4×4 Diagonal{Int64, Vector{Int64}}:
 1  ⋅  ⋅  ⋅
 ⋅  1  ⋅  ⋅
 ⋅  ⋅  9  ⋅
 ⋅  ⋅  ⋅  1

julia> U = Upper
UpperHessenberg UpperTriangular
julia> U = UpperTriangular([1,2,1,-3,1,-2,1,1/9,2/3,1])
ERROR: MethodError: no method matching UpperTriangular(::Vector{Float64})
Closest candidates are:
  UpperTriangular(::UpperTriangular) at D:\ProgLangToolkit\julia\julia-1.7.2\share\julia\stdlib\v1.7\LinearAlgebra\src\triangular.jl:21
  UpperTriangular(::AbstractMatrix) at D:\ProgLangToolkit\julia\julia-1.7.2\share\julia\stdlib\v1.7\LinearAlgebra\src\triangular.jl:23
Stacktrace:
 [1] top-level scope
   @ REPL[15]:1

julia> U = UpperTriangular([1,2,1,-3;1,-2,1;1/9,2/3;1])
ERROR: syntax: unexpected semicolon in array expression around REPL[16]:1
Stacktrace:
 [1] top-level scope
   @ REPL[16]:1

julia> U = UpperTriangular([1,2,1,-3;1,-2,1;1/9,2/3;1;])
ERROR: syntax: unexpected semicolon in array expression around REPL[17]:1
Stacktrace:
 [1] top-level scope
   @ REPL[17]:1

julia> U = UpperTriangular([1,2,1,-3,1,-2,1,1/9,2/3,1])
ERROR: MethodError: no method matching UpperTriangular(::Vector{Float64})
Closest candidates are:
  UpperTriangular(::UpperTriangular) at D:\ProgLangToolkit\julia\julia-1.7.2\share\julia\stdlib\v1.7\LinearAlgebra\src\triangular.jl:21
  UpperTriangular(::AbstractMatrix) at D:\ProgLangToolkit\julia\julia-1.7.2\share\julia\stdlib\v1.7\LinearAlgebra\src\triangular.jl:23
Stacktrace:
 [1] top-level scope
   @ REPL[18]:1

julia> U = UpperTriangular([1 2 1 -3 1 -2 1 1/9 2/3 1])
ERROR: DimensionMismatch("matrix is not square: dimensions are (1, 10)")
Stacktrace:
 [1] checksquare
   @ D:\ProgLangToolkit\julia\julia-1.7.2\share\julia\stdlib\v1.7\LinearAlgebra\src\LinearAlgebra.jl:232 [inlined]
 [2] UpperTriangular
   @ D:\ProgLangToolkit\julia\julia-1.7.2\share\julia\stdlib\v1.7\LinearAlgebra\src\triangular.jl:17 [inlined]
 [3] UpperTriangular(A::Matrix{Float64})
   @ LinearAlgebra D:\ProgLangToolkit\julia\julia-1.7.2\share\julia\stdlib\v1.7\LinearAlgebra\src\triangular.jl:24
 [4] top-level scope
   @ REPL[19]:1

julia> U = UpperTriangular([1 2 1 -3, 1 -2 1, 1/9 2/3, 1])
ERROR: syntax: unexpected comma in array expression
Stacktrace:
 [1] top-level scope
   @ none:1

julia> U = UpperTriangular([1 2 1 -3],[1 -2 1],[)
ERROR: syntax: unexpected ")"
Stacktrace:
 [1] top-level scope
   @ none:1

julia> U = UpperTriangular([1 2 1 -3],[1 -2 1])
ERROR: MethodError: no method matching UpperTriangular(::Matrix{Int64}, ::Matrix{Int64})
Closest candidates are:
  UpperTriangular(::AbstractMatrix) at D:\ProgLangToolkit\julia\julia-1.7.2\share\julia\stdlib\v1.7\LinearAlgebra\src\triangular.jl:23
Stacktrace:
 [1] top-level scope
   @ REPL[22]:1

julia> UpperTriangular
UpperTriangular

julia> UpperTriangular()
ERROR: MethodError: no method matching UpperTriangular()
Closest candidates are:
  UpperTriangular(::UpperTriangular) at D:\ProgLangToolkit\julia\julia-1.7.2\share\julia\stdlib\v1.7\LinearAlgebra\src\triangular.jl:21
  UpperTriangular(::AbstractMatrix) at D:\ProgLangToolkit\julia\julia-1.7.2\share\julia\stdlib\v1.7\LinearAlgebra\src\triangular.jl:23
Stacktrace:
 [1] top-level scope
   @ REPL[24]:1

help?> UpperTriangular
search: UpperTriangular UnitUpperTriangular

  UpperTriangular(A::AbstractMatrix)

  Construct an UpperTriangular view of the matrix A.

  Examples
  ≡≡≡≡≡≡≡≡≡≡

  julia> A = [1.0 2.0 3.0; 4.0 5.0 6.0; 7.0 8.0 9.0]
  3×3 Matrix{Float64}:
   1.0  2.0  3.0
   4.0  5.0  6.0
   7.0  8.0  9.0

  julia> UpperTriangular(A)
  3×3 UpperTriangular{Float64, Matrix{Float64}}:
   1.0  2.0  3.0
    ⋅   5.0  6.0
    ⋅    ⋅   9.0

julia> L
4×4 Matrix{Float64}:
  1.0   0.0  0.0       0.0
  2.0   1.0  0.0       0.0
  1.0  -2.0  1.0       0.0
 -3.0   1.0  0.666667  1.0

julia> LDL'
ERROR: UndefVarError: LDL not defined
Stacktrace:
 [1] top-level scope
   @ REPL[27]:1

julia> L*D*L'
4×4 Matrix{Float64}:
  1.0   2.0   1.0  -3.0
  2.0   5.0   0.0  -5.0
  1.0   0.0  14.0   1.0
 -3.0  -5.0   1.0  15.0

julia>  A = [4 -1 0 0 0;-1 4 -1 0 0 ;0 -1 4 -1 0 ;0 0 -1 4 -1 ;0 0 0 -1 4]
5×5 Matrix{Int64}:
  4  -1   0   0   0
 -1   4  -1   0   0
  0  -1   4  -1   0
  0   0  -1   4  -1
  0   0   0  -1   4

julia> b = [100 0 0 0 200]'
5×1 adjoint(::Matrix{Int64}) with eltype Int64:
 100
   0
   0
   0
 200

julia> A\b
5×1 Matrix{Float64}:
 27.05128205128205
  8.205128205128206
  5.769230769230769
 14.871794871794872
 53.71794871794872

julia> LU
LU

julia> LU(A)
ERROR: MethodError: no method matching LU(::Matrix{Int64})
Closest candidates are:
  LU(::AbstractMatrix{T}, ::Vector{Int64}, ::Int64) where T at D:\ProgLangToolkit\julia\julia-1.7.2\share\julia\stdlib\v1.7\LinearAlgebra\src\lu.jl:60
Stacktrace:
 [1] top-level scope
   @ REPL[33]:1

julia> LU(A,
LU(factors::AbstractMatrix{T}, ipiv::Vector{Int64}, info::Int64) where T in LinearAlgebra at D:\ProgLangToolkit\julia\julia-1.7.2\share\julia\stdlib\v1.7\LinearAlgebra\src\lu.jl:60
julia> LU(
LU(factors::AbstractMatrix{T}, ipiv::Vector{Int64}, info::Int64) where T in LinearAlgebra at D:\ProgLangToolkit\julia\julia-1.7.2\share\julia\stdlib\v1.7\LinearAlgebra\src\lu.jl:60
julia> LU(
LU(factors::AbstractMatrix{T}, ipiv::Vector{Int64}, info::Int64) where T in LinearAlgebra at D:\ProgLangToolkit\julia\julia-1.7.2\share\julia\stdlib\v1.7\LinearAlgebra\src\lu.jl:60
julia> L = [4 0 0 0 0 ; -1 15/4 0 0 0; 0 -1 56/15 0 0;0 0 -1 67/18 0; 0 0 0 -1 250/67]
5×5 Matrix{Float64}:
  4.0   0.0    0.0       0.0      0.0
 -1.0   3.75   0.0       0.0      0.0
  0.0  -1.0    3.73333   0.0      0.0
  0.0   0.0   -1.0       3.72222  0.0
  0.0   0.0    0.0      -1.0      3.73134

julia> inv(L)[25;20/3;25/14;225/469;3761/70;]
ERROR: MethodError: no method matching typed_vcat(::Matrix{Float64}, ::Int64, ::Float64, ::Float64, ::Float64, ::Float64)
Closest candidates are:
  typed_vcat(::Type{T}, ::Number...) where T at D:\ProgLangToolkit\julia\julia-1.7.2\share\julia\base\abstractarray.jl:1531
  typed_vcat(::Type{T}, ::Any...) where T at D:\ProgLangToolkit\julia\julia-1.7.2\share\julia\base\abstractarray.jl:1825Stacktrace:
 [1] top-level scope
   @ REPL[35]:1

julia> inv(L) [25;20/3;25/14;225/469;3761/70;]
ERROR: syntax: space before "[" not allowed in "inv(L) [" at REPL[36]:1
Stacktrace:
 [1] top-level scope
   @ none:1

julia> inv(L) * [25;20/3;25/14;225/469;3761/70;]
5-element Vector{Float64}:
  6.25
  3.4444444444444446
  1.4009353741496597
  0.5052571819549829
 14.534666067621078

julia> A\b
5×1 Matrix{Float64}:
 27.05128205128205
  8.205128205128206
  5.769230769230769
 14.871794871794872
 53.71794871794872

julia> U = [1 -1/4 0 0 0;0 1 -4/15 0 0; 0 0 1 -15/54 0;0 0 0 1 -18/67; 0 0 0 0 1;]
5×5 Matrix{Float64}:
 1.0  -0.25   0.0        0.0        0.0
 0.0   1.0   -0.266667   0.0        0.0
 0.0   0.0    1.0       -0.277778   0.0
 0.0   0.0    0.0        1.0       -0.268657
 0.0   0.0    0.0        0.0        1.0

julia> inv(U) * [25;20/3;25/14;225/469;3761/70;]
5-element Vector{Float64}:
 27.061904761904763
  8.247619047619049
  5.928571428571429
 14.914285714285715
 53.72857142857143

julia> A\b
5×1 Matrix{Float64}:
 27.05128205128205
  8.205128205128206
  5.769230769230769
 14.871794871794872
 53.71794871794872

julia> [25;20/3;25/14;225/469;3761/70;]
5-element Vector{Float64}:
 25.0
  6.666666666666667
  1.7857142857142858
  0.47974413646055436
 53.72857142857143

julia> LU
LU

julia> L*U
5×5 Matrix{Float64}:
  4.0  -1.0   0.0   0.0       0.0
 -1.0   4.0  -1.0   0.0       0.0
  0.0  -1.0   4.0  -1.03704   0.0
  0.0   0.0  -1.0   4.0      -1.0
  0.0   0.0   0.0  -1.0       4.0

julia> A
5×5 Matrix{Int64}:
  4  -1   0   0   0
 -1   4  -1   0   0
  0  -1   4  -1   0
  0   0  -1   4  -1
  0   0   0  -1   4

julia> A\b
5×1 Matrix{Float64}:
 27.05128205128205
  8.205128205128206
  5.769230769230769
 14.871794871794872
 53.71794871794872

julia> b
5×1 adjoint(::Matrix{Int64}) with eltype Int64:
 100
   0
   0
   0
 200

julia> b = [100;0;0;0;200;]
5-element Vector{Int64}:
 100
   0
   0
   0
 200

julia> A \ b
5-element Vector{Float64}:
 27.05128205128205
  8.205128205128206
  5.769230769230769
 14.871794871794872
 53.71794871794872

julia> L * U
5×5 Matrix{Float64}:
  4.0  -1.0   0.0   0.0       0.0
 -1.0   4.0  -1.0   0.0       0.0
  0.0  -1.0   4.0  -1.03704   0.0
  0.0   0.0  -1.0   4.0      -1.0
  0.0   0.0   0.0  -1.0       4.0

julia> L
5×5 Matrix{Float64}:
  4.0   0.0    0.0       0.0      0.0
 -1.0   3.75   0.0       0.0      0.0
  0.0  -1.0    3.73333   0.0      0.0
  0.0   0.0   -1.0       3.72222  0.0
  0.0   0.0    0.0      -1.0      3.73134

julia> L[4,4] = 209/56
3.732142857142857

julia> L
5×5 Matrix{Float64}:
  4.0   0.0    0.0       0.0      0.0
 -1.0   3.75   0.0       0.0      0.0
  0.0  -1.0    3.73333   0.0      0.0
  0.0   0.0   -1.0       3.73214  0.0
  0.0   0.0    0.0      -1.0      3.73134

julia> L[5,5] = 780/209
3.7320574162679425

julia> L
5×5 Matrix{Float64}:
  4.0   0.0    0.0       0.0      0.0
 -1.0   3.75   0.0       0.0      0.0
  0.0  -1.0    3.73333   0.0      0.0
  0.0   0.0   -1.0       3.73214  0.0
  0.0   0.0    0.0      -1.0      3.73206

julia> U[3,4] = -15/56
-0.26785714285714285

julia> U[4,5] = -56/209
-0.2679425837320574

julia> L * U
5×5 Matrix{Float64}:
  4.0  -1.0   0.0   0.0   0.0
 -1.0   4.0  -1.0   0.0   0.0
  0.0  -1.0   4.0  -1.0   0.0
  0.0   0.0  -1.0   4.0  -1.0
  0.0   0.0   0.0  -1.0   4.0

julia> x = [1055/39;320/39;75/13;580/39;2095/39;]
5-element Vector{Float64}:
 27.05128205128205
  8.205128205128204
  5.769230769230769
 14.871794871794872
 53.717948717948715

julia> A \ b
5-element Vector{Float64}:
 27.05128205128205
  8.205128205128206
  5.769230769230769
 14.871794871794872
 53.71794871794872

julia> xx = [46/54;-47/45;52/45;-26/45]
4-element Vector{Float64}:
  0.8518518518518519
 -1.0444444444444445
  1.1555555555555554
 -0.5777777777777777

julia> A = [2 1 0 0 ;1 4 1 0;0 1 4 1;0 0 1 2]
4×4 Matrix{Int64}:
 2  1  0  0
 1  4  1  0
 0  1  4  1
 0  0  1  2

julia> b = [1 -2 3 0]
1×4 Matrix{Int64}:
 1  -2  3  0

julia> A \b
ERROR: DimensionMismatch("arguments must have the same number of rows")
Stacktrace:
 [1] \(F::LU{Float64, Matrix{Float64}}, B::Matrix{Int64})
   @ LinearAlgebra D:\ProgLangToolkit\julia\julia-1.7.2\share\julia\stdlib\v1.7\LinearAlgebra\src\LinearAlgebra.jl:430
 [2] \(A::Matrix{Int64}, B::Matrix{Int64})
   @ LinearAlgebra D:\ProgLangToolkit\julia\julia-1.7.2\share\julia\stdlib\v1.7\LinearAlgebra\src\generic.jl:1142
 [3] top-level scope
   @ REPL[64]:1

julia> b
1×4 Matrix{Int64}:
 1  -2  3  0

julia> b'
4×1 adjoint(::Matrix{Int64}) with eltype Int64:
  1
 -2
  3
  0

julia> Vector(b)
ERROR: MethodError: no method matching (Vector)(::Matrix{Int64})

You might have used a 2d row vector where a 1d column vector was required.
Note the difference between 1d column vector [1,2,3] and 2d row vector [1 2 3].
You can convert to a column vector with the vec() function.
Closest candidates are:
  (Array{T, N} where T)(::AbstractArray{S, N}) where {S, N} at D:\ProgLangToolkit\julia\julia-1.7.2\share\julia\base\boot.jl:479
  (Vector)() at D:\ProgLangToolkit\julia\julia-1.7.2\share\julia\base\baseext.jl:38
  (Vector)(::SuiteSparse.CHOLMOD.Dense{T}) where T at D:\ProgLangToolkit\julia\julia-1.7.2\share\julia\stdlib\v1.7\SuiteSparse\src\cholmod.jl:856
  ...
Stacktrace:
 [1] top-level scope
   @ REPL[67]:1

julia> Vector(b')
ERROR: MethodError: no method matching (Vector)(::Adjoint{Int64, Matrix{Int64}})
Closest candidates are:
  (Array{T, N} where T)(::AbstractArray{S, N}) where {S, N} at D:\ProgLangToolkit\julia\julia-1.7.2\share\julia\base\boot.jl:479
  (Vector)() at D:\ProgLangToolkit\julia\julia-1.7.2\share\julia\base\baseext.jl:38
  (Vector)(::SuiteSparse.CHOLMOD.Dense{T}) where T at D:\ProgLangToolkit\julia\julia-1.7.2\share\julia\stdlib\v1.7\SuiteSparse\src\cholmod.jl:856
  ...
Stacktrace:
 [1] top-level scope
   @ REPL[68]:1

julia> b = [1; -2; 3; 0]
4-element Vector{Int64}:
  1
 -2
  3
  0

julia> A \ b
4-element Vector{Float64}:
  1.0222222222222221
 -1.0444444444444445
  1.1555555555555554
 -0.5777777777777777

julia> xx
4-element Vector{Float64}:
  0.8518518518518519
 -1.0444444444444445
  1.1555555555555554
 -0.5777777777777777

julia> clear
ERROR: UndefVarError: clear not defined

julia> A = [10 4 4 ;4 10 8 ;4 8 10;]
3×3 Matrix{Int64}:
 10   4   4
  4  10   8
  4   8  10

julia> b = [13 11 25]
1×3 Matrix{Int64}:
 13  11  25

julia> A \ b
ERROR: DimensionMismatch("arguments must have the same number of rows")
Stacktrace:
 [1] \(F::LU{Float64, Matrix{Float64}}, B::Matrix{Int64})
   @ LinearAlgebra D:\ProgLangToolkit\julia\julia-1.7.2\share\julia\stdlib\v1.7\LinearAlgebra\src\LinearAlgebra.jl:430
 [2] \(A::Matrix{Int64}, B::Matrix{Int64})
   @ LinearAlgebra D:\ProgLangToolkit\julia\julia-1.7.2\share\julia\stdlib\v1.7\LinearAlgebra\src\generic.jl:1142
 [3] top-level scope
   @ REPL[75]:1

julia> A
3×3 Matrix{Int64}:
 10   4   4
  4  10   8
  4   8  10

julia> b
1×3 Matrix{Int64}:
 13  11  25

julia> b = [b[1,1];b[1,2];b[1,3]]
3-element Vector{Int64}:
 13
 11
 25

julia> b
3-element Vector{Int64}:
 13
 11
 25

julia> A\b
3-element Vector{Float64}:
  0.6081081081081081
 -2.635135135135135
  4.364864864864865

julia> BJ = [0 -0.4 -0.4;-0.4 0 0.8;-0.4 -0.8 0]
3×3 Matrix{Float64}:
  0.0  -0.4  -0.4
 -0.4   0.0   0.8
 -0.4  -0.8   0.0

julia> bJ = [1.3;1.1;2.5]
3-element Vector{Float64}:
 1.3
 1.1
 2.5

julia> a = c = d 1
ERROR: syntax: extra token "1" after end of expression
Stacktrace:
 [1] top-level scope
   @ none:1

julia> a = c = d  =1
1

julia> a
1

julia> c
1

julia> d
1

julia> e
ERROR: UndefVarError: e not defined

julia> Xk=rand(3,3)
3×3 Matrix{Float64}:
 0.159786  0.619296  0.326251
 0.774328  0.682914  0.651444
 0.889541  0.616212  0.101641

julia> R = Xk
3×3 Matrix{Float64}:
 0.159786  0.619296  0.326251
 0.774328  0.682914  0.651444
 0.889541  0.616212  0.101641

julia> R
3×3 Matrix{Float64}:
 0.159786  0.619296  0.326251
 0.774328  0.682914  0.651444
 0.889541  0.616212  0.101641

julia> Xk = Xk1 = BJ * Xk + bJ
ERROR: DimensionMismatch("dimensions must match: a has dims (Base.OneTo(3), Base.OneTo(3)), must have singleton at dim 2")
Stacktrace:
 [1] promote_shape
   @ .\indices.jl:183 [inlined]
 [2] promote_shape(a::Matrix{Float64}, b::Vector{Float64})
   @ Base .\indices.jl:169
 [3] +(A::Matrix{Float64}, Bs::Vector{Float64})
   @ Base .\arraymath.jl:45
 [4] top-level scope
   @ REPL[92]:1

julia> Xk = rand(3)
3-element Vector{Float64}:
 0.43187672930730203
 0.8108574158320474
 0.949420534769285

julia> R = Xk = rand(3)
3-element Vector{Float64}:
 0.9992744122774682
 0.14624550090629418
 0.7238202584675911

julia> Xk = Xk1 = BJ * Xk + bJ
3-element Vector{Float64}:
 0.9519736962504459
 1.2793464418630858
 1.9832938343639772

julia> Xk = Xk1 = BJ * Xk + bJ
3-element Vector{Float64}:
 -0.005056110490825327
  2.3058455889910032
  1.0957333680093528

julia> Xk = Xk1 = BJ * Xk + bJ
3-element Vector{Float64}:
 -0.06063158280014247
  1.9786091386038125
  0.6573459730035274

julia> Xk = Xk1 = BJ * Xk + bJ
3-element Vector{Float64}:
 0.2456179553570641
 1.650129411522879
 0.9413653222370069

julia> Xk = Xk1 = BJ * Xk + bJ
3-element Vector{Float64}:
 0.2634021064960457
 1.75484507564678
 1.081649288638871

julia> Xk = Xk1 = BJ * Xk + bJ
3-element Vector{Float64}:
 0.16540225428573962
 1.8599585883126788
 0.9907630968841576

julia> Xk = Xk1 = BJ * Xk + bJ
3-element Vector{Float64}:
 0.15971132592126547
 1.8264495757930304
 0.9458722276355611

julia> Xk = Xk1 = BJ * Xk + bJ
3-element Vector{Float64}:
 0.19107127862856332
 1.7928132517399429
 0.9749558089970694

julia> Xk = Xk1 = BJ * Xk + bJ
3-element Vector{Float64}:
 0.19289237570519502
 1.8035361357462303
 0.9893208871566204

julia> Xk = Xk1 = BJ * Xk + bJ
3-element Vector{Float64}:
 0.18285719083885965
 1.8142997594432184
 0.9800141411209378

julia> Xk = Xk1 = BJ * Xk + bJ
3-element Vector{Float64}:
 0.18227443977433744
 1.8108684365612064
 0.9754173161098814

julia> Xk = Xk1 = BJ * Xk + bJ
3-element Vector{Float64}:
 0.18548569893156497
 1.8074240769781702
 0.9783954748412997

julia> A \b
3-element Vector{Float64}:
  0.6081081081081081
 -2.635135135135135
  4.364864864864865

julia> for i=1:100
           println(Xk = Xk1 = BJ * Xk + bJ)
           end
ERROR: MethodError: no method matching println(; Xk=[0.18567217927221202, 1.808522100300414, 0.9798664588448378])
Closest candidates are:
  println(::IO) at D:\ProgLangToolkit\julia\julia-1.7.2\share\julia\base\coreio.jl:5 got unsupported keyword argument "Xk"
  println(::IO, ::Any...) at D:\ProgLangToolkit\julia\julia-1.7.2\share\julia\base\strings\io.jl:75 got unsupported keyword argument "Xk"
  println(::Any...) at D:\ProgLangToolkit\julia\julia-1.7.2\share\julia\base\coreio.jl:4 got unsupported keyword argument "Xk"
Stacktrace:
 [1] top-level scope
   @ .\REPL[97]:2

julia> for i=1:100
           println(Xk1 = BJ * Xk + bJ)
       end
ERROR: MethodError: no method matching println(; Xk1=[0.18567217927221202, 1.808522100300414, 0.9798664588448378])
Closest candidates are:
  println(::IO) at D:\ProgLangToolkit\julia\julia-1.7.2\share\julia\base\coreio.jl:5 got unsupported keyword argument "Xk1"
  println(::IO, ::Any...) at D:\ProgLangToolkit\julia\julia-1.7.2\share\julia\base\strings\io.jl:75 got unsupported keyword argument "Xk1"
  println(::Any...) at D:\ProgLangToolkit\julia\julia-1.7.2\share\julia\base\coreio.jl:4 got unsupported keyword argument "Xk1"
Stacktrace:
 [1] top-level scope
   @ .\REPL[98]:2

julia> for i=1:100
           println(Xk = Xk1 = BJ * Xk + bJ)end
ERROR: MethodError: no method matching println(; Xk=[0.18567217927221202, 1.808522100300414, 0.9798664588448378])
Closest candidates are:
  println(::IO) at D:\ProgLangToolkit\julia\julia-1.7.2\share\julia\base\coreio.jl:5 got unsupported keyword argument "Xk"
  println(::IO, ::Any...) at D:\ProgLangToolkit\julia\julia-1.7.2\share\julia\base\strings\io.jl:75 got unsupported keyword argument "Xk"
  println(::Any...) at D:\ProgLangToolkit\julia\julia-1.7.2\share\julia\base\coreio.jl:4 got unsupported keyword argument "Xk"
Stacktrace:
 [1] top-level scope
   @ .\REPL[99]:2

julia> for i=1:100
           println(Xk = Xk1 = BJ * Xk + bJ) end
ERROR: MethodError: no method matching println(; Xk=[0.18567217927221202, 1.808522100300414, 0.9798664588448378])
Closest candidates are:
  println(::IO) at D:\ProgLangToolkit\julia\julia-1.7.2\share\julia\base\coreio.jl:5 got unsupported keyword argument "Xk"
  println(::IO, ::Any...) at D:\ProgLangToolkit\julia\julia-1.7.2\share\julia\base\strings\io.jl:75 got unsupported keyword argument "Xk"
  println(::Any...) at D:\ProgLangToolkit\julia\julia-1.7.2\share\julia\base\coreio.jl:4 got unsupported keyword argument "Xk"
Stacktrace:
 [1] top-level scope
   @ .\REPL[100]:2

julia> for i=1:100
           Xk1 = BJ * Xk + bJ
           Xk = Xk1
           println(Xk1)
           end
[0.18567217927221202, 1.808522100300414, 0.9798664588448378]
[0.18464457634189935, 1.8096242953669854, 0.978913448050784]
[0.1845849026328923, 1.8092729279038675, 0.9784427331696519]
[0.1849137355705921, 1.8089202254825647, 0.9787476966237489]
[0.1849328311574745, 1.8090326630707625, 0.9788983253857113]
[0.18482760461741043, 1.8091455278455792, 0.9788007370804002]
[0.18482149402960824, 1.8091095478173562, 0.9787525358765723]
[0.1848551665224285, 1.8090734310894145, 0.9787837641342716]
[0.1848571219105255, 1.809084944698446, 0.9787991885194969]
[0.18484634671282274, 1.8090965020513874, 0.9787891954770329]
[0.18484572098863183, 1.8090928176964973, 0.9787842596737608]
[0.18484916905189674, 1.809089119343556, 0.9787874574473494]
[0.1848493692836377, 1.809090298337121, 0.9787890369043963]
[0.18484826590339298, 1.809091481810062, 0.9787880136168479]
[0.1848482018292359, 1.8090911045321212, 0.978787508190593]
[0.18484855491091445, 1.8090907258207802, 0.9787878356426085]
[0.1848485754146445, 1.8090908465497213, 0.9787879973790099]
[0.1848484624285076, 1.8090909677373501, 0.9787878925943652]
[0.18484845586731402, 1.809090929104089, 0.9787878408387167]
[0.18484849202287768, 1.809090890324048, 0.9787878743698031]
[0.18484849412245952, 1.8090909026866915, 0.9787878909316106]
[0.18484848255267905, 1.8090909150963048, 0.978787880201663]
[0.18484848188081293, 1.8090909111402589, 0.9787878749018843]
[0.1848484855831427, 1.8090909071691823, 0.9787878783354675]
[0.18484848579814006, 1.8090909084351172, 0.9787878800313969]
[0.18484848461339443, 1.8090909097058616, 0.9787878789326501]
[0.18484848454459546, 1.8090909093007626, 0.9787878783899528]
[0.18484848492371375, 1.8090909088941243, 0.9787878787415516]
[0.1848484849457297, 1.809090909023756, 0.9787878789152149]
[0.18484848482441163, 1.80909090915388, 0.9787878788027033]
[0.1848484848173666, 1.8090909091123981, 0.9787878787471311]
[0.1848484848561882, 1.8090909090707585, 0.9787878787831348]
[0.18484848485844263, 1.8090909090840328, 0.9787878788009179]
[0.18484848484601968, 1.8090909090973573, 0.9787878787893967]
[0.18484848484529848, 1.8090909090931095, 0.9787878787837063]
[0.18484848484927374, 1.8090909090888458, 0.9787878787873929]
[0.18484848484950445, 1.809090909090205, 0.9787878787892137]
[0.18484848484823257, 1.8090909090915694, 0.9787878787880342]
[0.1848484848481584, 1.8090909090911345, 0.9787878787874513]
[0.18484848484856564, 1.8090909090906977, 0.978787878787829]
[0.18484848484858918, 1.8090909090908371, 0.9787878787880155]
[0.18484848484845884, 1.809090909090977, 0.9787878787878945]
[0.1848484848484513, 1.8090909090909322, 0.9787878787878348]
[0.18484848484849326, 1.8090909090908873, 0.9787878787878737]
[0.1848484848484957, 1.8090909090909018, 0.9787878787878928]
[0.18484848484848215, 1.8090909090909162, 0.9787878787878803]
[0.1848484848484815, 1.8090909090909115, 0.9787878787878741]
[0.1848484848484857, 1.8090909090909069, 0.9787878787878781]
[0.18484848484848615, 1.8090909090909082, 0.9787878787878801]
[0.1848484848484846, 1.8090909090909097, 0.978787878787879]
[0.18484848484848437, 1.8090909090909095, 0.9787878787878783]
[0.18484848484848482, 1.809090909090909, 0.9787878787878785]
[0.18484848484848504, 1.809090909090909, 0.9787878787878788]
[0.18484848484848482, 1.809090909090909, 0.9787878787878785]
[0.18484848484848504, 1.809090909090909, 0.9787878787878788]
[0.18484848484848482, 1.809090909090909, 0.9787878787878785]
[0.18484848484848504, 1.809090909090909, 0.9787878787878788]
[0.18484848484848482, 1.809090909090909, 0.9787878787878785]
[0.18484848484848504, 1.809090909090909, 0.9787878787878788]
[0.18484848484848482, 1.809090909090909, 0.9787878787878785]
[0.18484848484848504, 1.809090909090909, 0.9787878787878788]
[0.18484848484848482, 1.809090909090909, 0.9787878787878785]
[0.18484848484848504, 1.809090909090909, 0.9787878787878788]
[0.18484848484848482, 1.809090909090909, 0.9787878787878785]
[0.18484848484848504, 1.809090909090909, 0.9787878787878788]
[0.18484848484848482, 1.809090909090909, 0.9787878787878785]
[0.18484848484848504, 1.809090909090909, 0.9787878787878788]
[0.18484848484848482, 1.809090909090909, 0.9787878787878785]
[0.18484848484848504, 1.809090909090909, 0.9787878787878788]
[0.18484848484848482, 1.809090909090909, 0.9787878787878785]
[0.18484848484848504, 1.809090909090909, 0.9787878787878788]
[0.18484848484848482, 1.809090909090909, 0.9787878787878785]
[0.18484848484848504, 1.809090909090909, 0.9787878787878788]
[0.18484848484848482, 1.809090909090909, 0.9787878787878785]
[0.18484848484848504, 1.809090909090909, 0.9787878787878788]
[0.18484848484848482, 1.809090909090909, 0.9787878787878785]
[0.18484848484848504, 1.809090909090909, 0.9787878787878788]
[0.18484848484848482, 1.809090909090909, 0.9787878787878785]
[0.18484848484848504, 1.809090909090909, 0.9787878787878788]
[0.18484848484848482, 1.809090909090909, 0.9787878787878785]
[0.18484848484848504, 1.809090909090909, 0.9787878787878788]
[0.18484848484848482, 1.809090909090909, 0.9787878787878785]
[0.18484848484848504, 1.809090909090909, 0.9787878787878788]
[0.18484848484848482, 1.809090909090909, 0.9787878787878785]
[0.18484848484848504, 1.809090909090909, 0.9787878787878788]
[0.18484848484848482, 1.809090909090909, 0.9787878787878785]
[0.18484848484848504, 1.809090909090909, 0.9787878787878788]
[0.18484848484848482, 1.809090909090909, 0.9787878787878785]
[0.18484848484848504, 1.809090909090909, 0.9787878787878788]
[0.18484848484848482, 1.809090909090909, 0.9787878787878785]
[0.18484848484848504, 1.809090909090909, 0.9787878787878788]
[0.18484848484848482, 1.809090909090909, 0.9787878787878785]
[0.18484848484848504, 1.809090909090909, 0.9787878787878788]
[0.18484848484848482, 1.809090909090909, 0.9787878787878785]
[0.18484848484848504, 1.809090909090909, 0.9787878787878788]
[0.18484848484848482, 1.809090909090909, 0.9787878787878785]
[0.18484848484848504, 1.809090909090909, 0.9787878787878788]
[0.18484848484848482, 1.809090909090909, 0.9787878787878785]
[0.18484848484848504, 1.809090909090909, 0.9787878787878788]
[0.18484848484848482, 1.809090909090909, 0.9787878787878785]

julia> A\b
3-element Vector{Float64}:
  0.6081081081081081
 -2.635135135135135
  4.364864864864865

julia> Xk = rand(3)
3-element Vector{Float64}:
 0.21286418203053048
 0.9044069135848475
 0.5657245298462695

julia> for i=1:100
           Xk1 = BJ * Xk + bJ
           Xk = Xk1
           println(Xk1)
       end
[0.7119474226275532, 1.4674339510648036, 1.6913287963199097]
[0.036494901046114636, 2.1682840680049065, 1.0412738700971358]
[0.01617682475918314, 1.9184211356592629, 0.750774785177629]
[0.23232163166524322, 1.6941490982384302, 0.9587923615689165]
[0.23882341607706126, 1.774105236589036, 1.0517520687431585]
[0.16965707786712225, 1.8458722885637024, 0.9851864442979466]
[0.16757650685534053, 1.8202863242915086, 0.955439338002189]
[0.18970973508252098, 1.7973208676596153, 0.9767403378246569]
[0.19037551780629114, 1.8055083762267172, 0.9862594118392993]
[0.1832928847735933, 1.8128573223489233, 0.9794430918961097]
[0.18307983430198682, 1.8102373196074506, 0.9763969882114241]
[0.1853462768724501, 1.8078856568483448, 0.9785782105932448]
[0.18541445302336412, 1.808724057725616, 0.9795529637723441]
[0.18468919140081597, 1.8094765898085297, 0.9788549726101614]
[0.18466737503252362, 1.8092083015278029, 0.9785430515928497]
[0.18489945875173897, 1.8089674912612703, 0.9787664087647481]
[0.18490643998959255, 1.8090533435111031, 0.9788662234902881]
[0.18483217319944356, 1.8091304027963937, 0.9787947491952804]
[0.18482993920333035, 1.8091029300764472, 0.9787628084831075]
[0.18485370457617822, 1.8090782711051538, 0.9787856802575101]
[0.18485441945493442, 1.809087062375537, 0.9787959012854055]
[0.18484681453562302, 1.8090949532463507, 0.9787885823175966]
[0.18484658577442103, 1.8090921400398283, 0.9787853115886702]
[0.18484901934860054, 1.809089614961168, 0.9787876536583688]
[0.1848490925521853, 1.809090515187255, 0.9787887002916253]
[0.18484831380844802, 1.8090913232124262, 0.9787879508293218]
[0.18484829038330086, 1.8090910351400784, 0.9787876159066797]
[0.18484853958129666, 1.8090907765720234, 0.9787878557346168]
[0.184848547077344, 1.8090908687551748, 0.9787879629098626]
[0.18484846733398497, 1.8090909514969526, 0.9787878861649224]
[0.18484846493524998, 1.8090909219983442, 0.9787878518688438]
[0.1848484904531249, 1.809090895520975, 0.9787878764272246]
[0.18484849122072022, 1.80909090496053, 0.97878788740197]
[0.18484848305500012, 1.809090913433288, 0.9787878795432878]
[0.18484848280936972, 1.8090909104126305, 0.9787878760313695]
[0.18484848542239996, 1.8090909077013477, 0.9787878785461477]
[0.18484848550100175, 1.8090909086679583, 0.9787878796699618]
[0.18484848466483195, 1.809090909535569, 0.9787878788652327]
[0.1848484846396794, 1.8090909092262535, 0.9787878785056119]
[0.1848484849072538, 1.809090908948618, 0.9787878787631255]
[0.18484848491530248, 1.8090909090475988, 0.9787878788782041]
[0.18484848482967875, 1.8090909091364424, 0.9787878787957998]
[0.18484848482710303, 1.8090909091047684, 0.9787878787589745]
[0.1848484848545029, 1.8090909090763385, 0.9787878787853439]
[0.18484848485532712, 1.809090909086474, 0.978787878797128]
[0.18484848484655925, 1.8090909090955716, 0.9787878787886899]
[0.18484848484629546, 1.8090909090923284, 0.9787878787849189]
[0.184848484849101, 1.809090909089417, 0.978787878787619]
[0.1848484848491856, 1.8090909090904548, 0.978787878788826]
[0.18484848484828764, 1.8090909090913867, 0.9787878787879618]
[0.18484848484826055, 1.8090909090910545, 0.9787878787875754]
[0.1848484848485481, 1.8090909090907563, 0.9787878787878521]
[0.18484848484855654, 1.8090909090908625, 0.9787878787879756]
[0.18484848484846483, 1.809090909090958, 0.9787878787878874]
[0.18484848484846195, 1.8090909090909242, 0.9787878787878477]
[0.18484848484849126, 1.8090909090908935, 0.9787878787878759]
[0.18484848484849237, 1.8090909090909042, 0.9787878787878885]
[0.18484848484848282, 1.809090909090914, 0.9787878787878797]
[0.1848484848484826, 1.8090909090909109, 0.9787878787878757]
[0.18484848484848526, 1.8090909090909078, 0.9787878787878781]
[0.1848484848484857, 1.8090909090909086, 0.9787878787878797]
[0.1848484848484846, 1.8090909090909095, 0.9787878787878788]
[0.1848484848484846, 1.8090909090909093, 0.9787878787878785]
[0.18484848484848482, 1.809090909090909, 0.9787878787878785]
[0.18484848484848504, 1.809090909090909, 0.9787878787878788]
[0.18484848484848482, 1.809090909090909, 0.9787878787878785]
[0.18484848484848504, 1.809090909090909, 0.9787878787878788]
[0.18484848484848482, 1.809090909090909, 0.9787878787878785]
[0.18484848484848504, 1.809090909090909, 0.9787878787878788]
[0.18484848484848482, 1.809090909090909, 0.9787878787878785]
[0.18484848484848504, 1.809090909090909, 0.9787878787878788]
[0.18484848484848482, 1.809090909090909, 0.9787878787878785]
[0.18484848484848504, 1.809090909090909, 0.9787878787878788]
[0.18484848484848482, 1.809090909090909, 0.9787878787878785]
[0.18484848484848504, 1.809090909090909, 0.9787878787878788]
[0.18484848484848482, 1.809090909090909, 0.9787878787878785]
[0.18484848484848504, 1.809090909090909, 0.9787878787878788]
[0.18484848484848482, 1.809090909090909, 0.9787878787878785]
[0.18484848484848504, 1.809090909090909, 0.9787878787878788]
[0.18484848484848482, 1.809090909090909, 0.9787878787878785]
[0.18484848484848504, 1.809090909090909, 0.9787878787878788]
[0.18484848484848482, 1.809090909090909, 0.9787878787878785]
[0.18484848484848504, 1.809090909090909, 0.9787878787878788]
[0.18484848484848482, 1.809090909090909, 0.9787878787878785]
[0.18484848484848504, 1.809090909090909, 0.9787878787878788]
[0.18484848484848482, 1.809090909090909, 0.9787878787878785]
[0.18484848484848504, 1.809090909090909, 0.9787878787878788]
[0.18484848484848482, 1.809090909090909, 0.9787878787878785]
[0.18484848484848504, 1.809090909090909, 0.9787878787878788]
[0.18484848484848482, 1.809090909090909, 0.9787878787878785]
[0.18484848484848504, 1.809090909090909, 0.9787878787878788]
[0.18484848484848482, 1.809090909090909, 0.9787878787878785]
[0.18484848484848504, 1.809090909090909, 0.9787878787878788]
[0.18484848484848482, 1.809090909090909, 0.9787878787878785]
[0.18484848484848504, 1.809090909090909, 0.9787878787878788]
[0.18484848484848482, 1.809090909090909, 0.9787878787878785]
[0.18484848484848504, 1.809090909090909, 0.9787878787878788]
[0.18484848484848482, 1.809090909090909, 0.9787878787878785]
[0.18484848484848504, 1.809090909090909, 0.9787878787878788]
[0.18484848484848482, 1.809090909090909, 0.9787878787878785]

julia> BG = [0 -0.4 -0.4; 0 0.16 -0.64; 0 0.032 0.672]
3×3 Matrix{Float64}:
 0.0  -0.4    -0.4
 0.0   0.16   -0.64
 0.0   0.032   0.672

julia> bG = [1.3;0.58;1.516]
3-element Vector{Float64}:
 1.3
 0.58
 1.516

julia> function(B,b,Xk)
           for i=1:10
               Xk1 = B * Xk + b
               Xk = Xk1
               println(Xk)
               end
               end
#1 (generic function with 1 method)

julia> function iter(B,b,Xk)
           for i=1:10
               Xk1 = B * Xk + b
               Xk = Xk1
               println(Xk)
               end
               end
iter (generic function with 1 method)

julia> iter(BJ,bJ,rand(3))
[1.0502786922462348, 1.2726283212954357, 2.173185705787905]
[-0.07832561083333633, 2.4184370877318306, 1.0617858660651576]
[-0.0920891815187952, 1.9807589371854606, 0.59658057414787]
[0.2690641954666677, 1.6141001319258144, 0.9522285228591496]
[0.27346853808601446, 1.7541571401006526, 1.1010942162726813]
[0.15789945745066625, 1.8714879577837396, 0.9872868726850721]
[0.15649006781247543, 1.8266697151677913, 0.9396498507927418]
[0.19347217361578672, 1.7891238535092033, 0.9760682007407766]
[0.19392317830000794, 1.8034656911463067, 0.9913120477463226]
[0.18208890444294834, 1.815480366877055, 0.9796581757629514]

julia> function iter(B,b,Xk,n)
           for i=1:n
               Xk1 = B * Xk + b
               Xk = Xk1
               println(Xk)
               end
               end
iter (generic function with 2 methods)

julia> iter(BJ,bJ,rand(3),20)
[0.9981064401977995, 1.200357663334383, 1.9965705437299819]
[0.021228717174254008, 2.2980138589048655, 1.1404712932533736]
[-0.0753940608632957, 2.0038855477329975, 0.653097426006406]
[0.23720681050423864, 1.6526355651504432, 0.9270491861589201]
[0.26812609947625465, 1.7467566247254407, 1.0830088236779498]
[0.16809382063864375, 1.8591566191518583, 0.9953442604291456]
[0.15819964816759846, 1.829037880087859, 0.9454371764230558]
[0.19020997739563406, 1.7930698818714053, 0.9734898366626732]
[0.19337611258636866, 1.802707878371885, 0.989460103544622]
[0.1831328072333971, 1.8142176378011503, 0.9804832522679443]
[0.18211964397236224, 1.8111334789209967, 0.9753727668657208]
[0.18539750168531288, 1.807450355903632, 0.9782453592742577]
[0.18572171392884407, 1.8084372867452811, 0.9798807146029693]
[0.1846727994606998, 1.809615886110838, 0.9789614850322375]
[0.1845690515427698, 1.8093000682415101, 0.9784381713270496]
[0.18490470417257598, 1.8089229164445317, 0.978732324789684]
[0.18493790350631367, 1.8090239781627169, 0.978899785175344]
[0.18483049466477564, 1.8091446667377498, 0.9788056560673009]
[0.1848198708779798, 1.8091123269879306, 0.9787520687438898]
[0.18485424170727183, 1.80907370664392, 0.9787821900584635]

julia> iter(BJ,bJ,rand(3),30)
[0.8841835219674437, 1.343562070974818, 1.911929114909705]
[-0.002196474353809208, 2.2758698831407864, 1.071476934433168]
[-0.03893872702958179, 1.9580601372880584, 0.6801826832288944]
[0.24470287179321892, 1.6597216373949484, 0.9491273809813858]
[0.2564603926494662, 1.7614207560678212, 1.0743415413667536]
[0.16569508102616992, 1.8568890760336165, 0.9882792380859564]
[0.16193267435217096, 1.8243453580582973, 0.9482107067626386]
[0.19097757407162552, 1.7937954956692428, 0.9757506438124937]
[0.19218154420730538, 1.8042094854213448, 0.9885725738359554]
[0.18288717629707985, 1.8139854413858423, 0.9797597939800018]
[0.18250190585366233, 1.8106529646651697, 0.9756567763724941]
[0.18547610358493438, 1.8075246587565306, 0.9784768659263992]
[0.18559939012682802, 1.8085910513071457, 0.9797898315608018]
[0.1846476468528211, 1.8095921091979104, 0.9788874029035521]
[0.18460819515941496, 1.8092508635817133, 0.9784672539005432]
[0.1849127530070973, 1.8089305250566687, 0.9787560310708634]
[0.1849253775489872, 1.8090397236538518, 0.978890478751826]
[0.18482791903772888, 1.8091422319818662, 0.9787980700573236]
[0.1848238791843242, 1.8091072884307673, 0.9787550467994155]
[0.18485506590792689, 1.809074485765803, 0.9787846175816564]
[0.18485635866101635, 1.8090856677021545, 0.9787983850241868]
[0.18484637890946343, 1.809096164554943, 0.9787889223738697]
[0.18484596522847485, 1.8090925863353107, 0.9787845167922602]
[0.18484915874897156, 1.8090892273424184, 0.9787875448403613]
[0.18484929112688797, 1.8090903723727005, 0.9787889546264765]
[0.18484826920032926, 1.809091447250426, 0.9787879856510844]
[0.18484822683939583, 1.8090910808407359, 0.9787875345195274]
[0.1848485538558946, 1.8090907368798637, 0.9787878445916529]
[0.18484856741139333, 1.8090908541309645, 0.9787879889537512]
[0.18484846276611377, 1.8090909641984436, 0.978787889730671]

julia> A\b
3-element Vector{Float64}:
  0.6081081081081081
 -2.635135135135135
  4.364864864864865

julia> BG
3×3 Matrix{Float64}:
 0.0  -0.4    -0.4
 0.0   0.16   -0.64
 0.0   0.032   0.672

julia> bG
3-element Vector{Float64}:
 1.3
 0.58
 1.516

julia> iter(BG,bG,rand(3),30)
[0.8766058280981626, 0.07311069232587941, 2.0908691149000314]
[0.4344080771096357, -0.7464585227638795, 2.9234035873672495]
[0.42922197415865204, -1.4104116595572607, 3.4566405379823477]
[0.4815084486299652, -1.857915809837864, 3.7937292684183053]
[0.5256746165678235, -2.1452532613617734, 4.00593276246229]
[0.5557281995597934, -2.3270374897937494, 4.1393387120110825]
[0.5750795111130668, -2.4415027740540927, 4.223170414798048]
[0.587332943702418, -2.5134695093194055, 4.275842429974558]
[0.5950508317379388, -2.558694276674822, 4.308935088644683]
[0.5999036752120558, -2.5871095410005682, 4.329726162715632]
[0.6029533513139745, -2.6049622706980955, 4.3427884760328865]
[0.6048695178660837, -2.6161785879727426, 4.35099506323176]
[0.6060734098963929, -2.6232254145439655, 4.356150967676616]
[0.6068297787469399, -2.6276526856400686, 4.3593902370132795]
[0.6073049794507157, -2.63043418139091, 4.361425353332442]
[0.6076035312233871, -2.6321816951553085, 4.362703943634893]
[0.6077911006081662, -2.6332795951511807, 4.3635072358776785]
[0.6079089437094007, -2.633969366185903, 4.364011915464962]
[0.6079829802883764, -2.63440272448732, 4.364328987474506]
[0.6080294948051256, -2.634674987901655, 4.364528192399274]
[0.6080587182009523, -2.6348460411998005, 4.364653345679459]
[0.6080770782081365, -2.634953507826822, 4.364731974978203]
[0.6080886131394476, -2.6350210252383413, 4.3647813749348945]
[0.6080958601213788, -2.635063443996467, 4.364812411148622]
[0.6081004131391379, -2.635090094174553, 4.364831910083987]
[0.6081032736362262, -2.6351068375216804, 4.364844160562853]
[0.6081050707835309, -2.635117356763695, 4.364851857097544]
[0.6081061998664605, -2.6351239656246195, 4.364856692553111]
[0.6081069092286032, -2.6351281177339305, 4.364859730495703]
[0.6081073548952911, -2.635130726354679, 4.3648616391256265]

julia> BS = [-0.35 -0.54 -0.54;0.189 -0.0584 -0.7884; -0.0152 0.354672 0.793072;]
3×3 Matrix{Float64}:
 -0.35    -0.54      -0.54
  0.189   -0.0584    -0.7884
 -0.0152   0.354672   0.793072

julia> bS = [1.755,0.5373,1.847016]
3-element Vector{Float64}:
 1.755
 0.5373
 1.847016

julia> eigen
eigen  eigen!
julia> eigenvalue(BS)
ERROR: UndefVarError: eigenvalue not defined
Stacktrace:
 [1] top-level scope
   @ REPL[119]:1

julia> eigenvalues(BS)
ERROR: UndefVarError: eigenvalues not defined
Stacktrace:
 [1] top-level scope
   @ REPL[120]:1

julia> eig
eigen    eigen!    eigmax    eigmin    eigvals   eigvals!  eigvecs
julia> eigvals(BS)
3-element Vector{ComplexF64}:
 -0.21535080451329935 + 0.0im
  0.30001140225665013 - 0.3305046931501337im
  0.30001140225665013 + 0.3305046931501337im

julia> eigvals(BJ)
3-element Vector{ComplexF64}:
 -8.512994643083755e-17 + 0.0im
 4.1484813620301955e-17 - 0.5656854249492379im
 4.1484813620301955e-17 + 0.5656854249492379im

julia> BJ
3×3 Matrix{Float64}:
  0.0  -0.4  -0.4
 -0.4   0.0   0.8
 -0.4  -0.8   0.0

julia> BJ[2,3] = -.08
-0.08

julia> BJ[2,3] = -.8
-0.8

julia> eigvals(BJ)
3-element Vector{Float64}:
 -1.092820323027551
  0.2928203230275509
  0.8

julia> iter(BJ,bJ,rand(3),30)
[0.8285618656626945, 0.3109135261726901, 2.0688995426471566]
[0.3480747724720613, -0.886544380382803, 1.91984443279677]
[0.8866799790344132, -0.5751054552262407, 3.0700055953174177]
[0.3020399439635292, -1.7106764678676996, 2.605412372567227]
[0.9421056381201891, -1.1051458756391934, 3.747725196708748]
[0.24296827157217815, -2.275022412615074, 3.0072744452632794]
[1.007099186940718, -1.4030068648394947, 4.2228306214631885]
[0.1720704973505225, -2.681104171946838, 3.2195658170953085]
[1.0846153419406117, -1.5444808526164557, 4.576055138617262]
[0.08737028559967741, -2.994690247670054, 3.30173854531692]
[1.1771806809412537, -1.5763389504934069, 4.860804083896173]
[-0.013786053361106276, -3.25951553949344, 3.290198888018224]
[1.2877266605900866, -1.5266446890701366, 5.113126852939194]
[-0.13459286554762295, -3.50559214658739, 3.2062250870200746]
[1.4197468238269262, -1.4111429233970108, 5.358310863488962]
[-0.27886717603678046, -3.75454742032194, 3.061015609186838]
[1.5774127244540408, -1.2372656169347582, 5.615184806672264]
[-0.4511676758950025, -4.023112935119428, 2.85884740376619]
[1.7657062125412952, -1.0066108526549513, 5.898957418453544]
[-0.6569386263194372, -4.325448419779354, 2.599006197107443]
[1.9905768890687643, -0.7164295071581794, 6.223134186351258]
[-0.9026818716772314, -4.674738104708512, 2.2769128500990377]
[2.2591301018437897, -0.3604575314083376, 6.600863232437702]
[-1.1961622804117462, -5.084342626687677, 1.8847139843891543]
[2.5798514569194095, 0.07069372465337498, 7.0459390135148405]
[-1.5466530952672863, -5.568691793579637, 1.411504437509536]
[2.9628749424280407, 0.5894576880992858, 7.573614672970624]
[-1.9652289444279643, -6.144041715347717, 0.843283872549355]
[3.420303137119345, 1.2114644797317018, 8.20132495004936]
[-2.4651157719124246, -6.829181214887226, 0.16270716136690044]

julia> iter(BJ,bJ,rand(3),100)
[0.7564520399379464, 0.7124094545197956, 1.62289325337429]
[0.36587891684236573, -0.5008954186746106, 1.6274916204089849]
[0.8493615193062503, -0.34834486306413415, 2.754364768202742]
[0.33759203794455683, -1.443236422284694, 2.438931282728807]
[0.9017220558223548, -0.9861818413608687, 3.5195523226499326]
[0.28665180748437447, -2.076330680448888, 2.928256650759753]
[0.959229611875654, -1.3572660436015522, 4.04640382136536]
[0.2243448888944768, -2.52081490184255, 3.20212099013098]
[1.027477564684628, -1.551434747662575, 4.426913965916249]
[0.14980831269853034, -2.8525221986068505, 3.330156772256209]
[1.1089461705402566, -1.6240487428843795, 4.722094433806069]
[0.06078172363132439, -3.121254015260958, 3.355660526091401]
[1.2062373956678227, -1.6088411103256508, 4.972690522756237]
[-0.04553976497223444, -3.360647376472118, 3.3045779299933917]
[1.3224277785914906, -1.5254464380058197, 5.2067338071665885]
[-0.17251494766430753, -3.5943581571698675, 3.1913860389680595]
[1.4611888472807233, -1.3841028521087249, 5.444492504801618]
[-0.3241558610771573, -3.8400695427535836, 3.0228067427746907]
[1.6269051199915572, -1.1885830497888898, 5.70171797863373]
[-0.505253971537936, -4.1121364309036075, 2.800104391834489]
[1.8248128156276475, -0.9379819248524166, 5.991810733338061]
[-0.7215315233942576, -4.423373712921508, 2.5204604136308744]
[2.0611653197162534, -0.6277557215469964, 6.32731157969491]
[-0.9798223432591653, -4.786315391642429, 2.1777384493510956]
[2.3434307769165335, -0.2502618221772104, 6.720981250617609]
[-1.2882877713761596, -5.214157311260701, 1.762837146975155]
[2.6805280657142183, 0.2050453909703399, 7.186640957559025]
[-1.656674539411746, -5.721523992332907, 1.2637524609380408]
[3.0831086125579468, 0.7516678470142657, 7.739889009631024]
[-2.0966227426581163, -6.325154652727997, 0.6654222773654086]
[3.5638929501450356, 1.4063112751709197, 8.398772819245645]
[-2.6220336377666262, -7.044575435454531, -0.05060620019475026]
[4.138072654259713, 2.189298415262451, 9.184473803470276]
[-3.249508887493091, -7.902808104480107, -0.9066677939138463]
[4.823790359357582, 3.1251377901283135, 10.122050038581321]
[-3.998875131483854, -8.92715617460809, -1.9296263758456842]
[5.642713020181509, 4.243251153270089, 11.241274992280013]
[-4.893810458220042, -10.150105201896615, -3.1516861306886756]
[6.620716533034116, 5.578873087838957, 12.57760834480531]
[-5.962592573057707, -11.610373289057895, -4.611385083484812]
[7.788703349017084, 7.174145096010934, 14.1733356604694]
[-7.238992302592135, -13.354149867982354, -6.354797416415581]
[9.183578913759174, 9.07943485416932, 16.078916815422737]
[-8.763340667836822, -15.43656501784186, -8.436979448839125]
[10.849417786672396, 11.354919826206029, 18.35458828140822]
[-10.583803243045699, -17.92343773979553, -10.923702975633782]
[12.838856286171726, 14.072483677725305, 21.072271489054707]
[-12.757902066712004, -20.893359705712456, -13.893529456648935]
[15.214755664944558, 17.317984392003954, 24.31784859125477]
[-15.35433319330349, -24.44018113898164, -17.440289779580986]
[18.052188367425053, 21.193965100986187, 28.19387818850671]
[-18.45513731579716, -28.67597789777539, -21.676047427758974]
[21.440810130213748, 25.822892868526047, 32.82283724453917]
[-22.15829204522609, -33.73459384771684, -26.73463834690634]
[25.487692877849273, 31.35102749561551, 38.350991896263906]
[-26.580807756751767, -39.77587066815084, -32.77589914763212]
[30.320707926313183, 37.953042420806405, 44.95301963722138]
[-31.862424823211118, -46.99069888030238, -39.9907171071704]
[36.09256639498911, 45.83754361502077, 52.83752903352636]
[-38.17002905941886, -55.60704978481673, -48.60706145001227]
[42.9856444939316, 55.25366078377736, 62.25365145162093]
[-45.702924894159324, -65.8971789588694, -58.89718642459454]
[51.217746153385576, 66.49891909733935, 73.49891312475926]
[-54.69913288883945, -78.18622896116165, -71.18623373922571]
[61.04898508015494, 79.92864014691635, 86.9286363244651]
[-65.44291058855259, -92.86250309163407, -85.86250614959506]
[72.79000369649165, 95.96716915509708, 102.9671667087283]
[-78.27373434553016, -110.38973484557931, -103.38973680267434]
[86.81178865930146, 115.12128318035153, 122.12128161467552]
[-93.59702591801083, -131.321740755461, -124.3217420080018]
[103.55739310538513, 137.9962039736058, 144.99620297157315]
[-111.89696277807158, -156.3199196194126, -149.3199204210387]
[123.55593601618051, 165.31472144805957, 172.31472080675871]
[-133.75177690192731, -186.1741510518792, -179.17415156491987]
[147.43932104671964, 197.94003201270684, 204.9400316022743]
[-159.85202544599244, -221.82775370050732, -214.82775402885335]
[175.9622030917443, 236.90301340147965, 243.90301313880283]
[-191.022410616113, -264.40729174774, -257.40729195788145]
[210.0258334822486, 283.4347978127504, 290.43479764463723]
[-228.24783818295504, -315.2581715086092, -308.2581716430998]
[250.70653726068363, 339.0056725876619, 346.0056724800694]
[-272.7045380270925, -375.987152888329, -368.987152974403]
[299.2897223450928, 405.3715375903594, 412.3715375215002]
[-325.79723004474386, -448.5131189552373, -441.51311901032466]
[357.31049518622484, 484.62938722615735, 491.62938718208744]
[-389.2035097632979, -535.1277078201599, -528.1277078554158]
[426.6021662702303, 579.2835701896519, 586.2835701614471]
[-464.92685614043955, -638.5677226372497, -631.5677226598136]
[509.35417811882536, 692.3249205840268, 699.3249205659756]
[-555.359936460001, -762.1016077003106, -755.1016077147516]
[608.1812861660248, 827.3252607558018, 834.3252607442489]
[-663.3602086000203, -909.6327230618091, -902.6327230710514]
[726.2061784531442, 988.5502618968493, 995.5502618894554]
[-792.340209514522, -1085.822680892822, -1078.8226808987372]
[867.1581447166237, 1181.0942285247986, 1188.0942285200665]
[-946.3753828179462, -1296.238640702703, -1289.2386407064885]
[1035.4909125636766, 1411.0410656923693, 1418.041065689341]
[-1130.3328525526842, -1547.5292175769434, -1540.529217579366]
[1236.523374062524, 1685.6565150845665, 1692.6565150826286]
[-1350.025212066878, -1847.6345616911126, -1840.6345616926628]

julia> iter(BJ,bJ,rand(3),100)
[1.150885323681035, 0.9673206398100231, 2.153934163503492]
[0.051498078674593994, -1.0835014602752078, 1.2657893586795674]
[1.2270848406382562, 0.06676928158650841, 3.3462019367503286]
[-0.06518848733473481, -2.0677954856555654, 1.9557506384754908]
[1.3448179388720298, -0.43852511584649867, 4.180311783458347]
[-0.19671466704473928, -2.7821766023154897, 2.312892917128387]
[1.487713474074841, -0.671628466884814, 4.804427148670287]
[-0.3531194727141893, -3.338627108566166, 2.4422173838779146]
[1.6585638898753006, -0.712526118016656, 5.312149475938609]
[-0.5398493431687814, -3.813145136701008, 2.4065953384632044]
[1.8626199192951216, -0.609336533503051, 5.766455846628319]
[-0.7628477252501071, -4.258212645020704, 2.242421259084392]
[2.106316554374525, -0.3887979171674707, 6.2117092061166055]
[-1.029164515579654, -4.711893986643094, 1.9685117119841666]
[2.397352909863571, -0.06314356335547155, 6.681180995546337]
[-1.3472149728763465, -5.2038859603824985, 1.5915736867389487]
[2.7449249094574197, 0.3656270397593797, 7.2019947574565375]
[-1.727048718886367, -5.759565769748198, 1.1095284044095284]
[3.160014946135468, 0.9031967640269242, 7.798472103353105]
[-2.1806675469520123, -6.402783661136672, 0.5134366103242733]
[3.6557388203249594, 1.5615177305213863, 8.494493947690142]
[-2.722404671284612, -7.157890686282098, -0.21150971254709283]
[4.247760159531676, 2.3581696385515194, 9.315274417539523]
[-3.369377622436417, -8.05132359784429, -1.0856397746538864]
[4.954785348999271, 3.316262868697676, 10.28880992725]
[-4.142029118379071, -9.11296208139971, -2.134924434557849]
[5.7991546063830235, 4.464751194997908, 11.447181312471397]
[-5.064773002987723, -10.377406892530328, -3.3914627985515358]
[6.8075478764327455, 5.839079440036318, 12.827834715219351]
[-6.166765662102269, -11.88528692274858, -4.894282702602153]
[8.011827850140294, 7.482132426922631, 14.474935803039772]
[-7.482827291984962, -13.684679782487937, -6.690437081594222]
[9.450046745632864, 9.445480582069363, 16.440874742784334]
[-9.05454212994148, -15.832718492480614, -8.836403163908637]
[11.167648662555703, 11.7909393831035, 18.787991645961085]
[-10.931572411625835, -18.39745278179115, -11.399810971505081]
[13.218905501318494, 14.592477741854399, 21.590591190083256]
[-13.173227572775062, -21.460035152594003, -14.461544394010918]
[15.66863181864197, 17.938526544318762, 24.93731915118523]
[-15.850338278201598, -25.117308048404972, -18.1182739629118]
[18.594232804526712, 21.93475448161008, 28.93398175000462]
[-19.047494492645882, -29.48487852181438, -22.48549670709875]
[22.088150091565254, 26.707395162737356, 33.70690061450986]
[-22.865718310898888, -34.70078052823399, -27.701176166815987]
[26.260782678019993, 32.40722825781235, 39.40691174694675]
[-27.42565600190364, -40.92984246876539, -33.93009567745788]
[31.24397525848931, 39.214338942727764, 46.21413637577377]
[-32.871390127400616, -48.36889920401474, -41.36906125757794]
[37.19518418463707, 47.3438050570226, 54.34367541417204]
[-39.37499218847786, -57.25301400519246, -50.25311771947291]
[44.30245268986615, 57.05249105096948, 64.05240807954512]
[-47.14195965220584, -67.86290753958257, -60.86297391672205]
[52.79035258252185, 68.64716299425997, 75.6471098925484]
[-56.417709154723354, -80.53382894704747, -73.53387142841672]
[62.927080150185674, 82.49418080462272, 89.49414681952732]
[-67.49533104966002, -95.66614951569613, -88.66617670377245]
[75.03293048778744, 99.03107378288198, 106.03105203242092]
[-80.72485032612116, -113.73801382105172, -106.73803122142056]
[89.49041801698891, 118.78036510758491, 125.78035118728985]
[-96.52428651794992, -135.32044815662746, -128.3204592928635]
[106.75636297979638, 142.36608204147075, 149.36607313248194]
[-115.39286206958108, -161.09540369790412, -154.09541082509514]
[127.37632580919971, 170.53347348790857, 177.53346778615574]
[-137.9267765096257, -191.8773045526045, -184.87730911400675]
[152.0018454666445, 204.1725578950557, 211.1725542459339]
[-164.83804485639584, -228.63878158340495, -221.63878450270238]
[181.41102643444296, 244.34624554472023, 251.3462432092823]
[-196.976995501601, -272.54140514120303, -265.5414070095534]
[216.5331248603026, 292.32392380828315, 299.32392231360285]
[-235.3591384487544, -324.9723877950033, -317.97238899074756]
[258.4779107143004, 349.6215665720998, 356.62156561550444]
[-281.19725287504167, -387.5884167781237, -380.5884175434]
[308.5707337286095, 418.0496351847367, 425.04963457251563]
[-335.9397079029009, -462.3680011494563, -455.36800163923317]
[368.39440111547583, 499.77028447254696, 506.77028408072545]
[-401.31622742130895, -551.6739877107707, -544.6739880242279]
[439.8391902939995, 597.365681387906, 604.3656811371402]
[-479.39254501001847, -658.328221027312, -651.3282212279246]
[525.1625769020947, 713.9195949863471, 720.9195948258571]
[-572.6356759248818, -785.7007066215235, -778.7007067499155]
[627.0605653485757, 853.1148357698852, 860.1148356671715]
[-683.9918685748228, -937.8160946731675, -930.8160947553384]
[748.7528757714024, 1019.3496232342, 1026.349623168463]
[-816.9796985610652, -1119.4808488433316, -1112.4808488959209]
[894.0846790957011, 1217.8765585411627, 1224.8765584990915]
[-975.8012468161018, -1336.4351184375537, -1329.4351184712107]
[1067.6480947635057, 1454.9685935034092, 1461.9685934764836]
[-1165.4748747919573, -1595.5341126865894, -1588.5341127081297]
[1274.9272901578877, 1738.1172400832866, 1745.1172400660546]
[-1391.9937920597365, -1904.964708115999, -1897.9647081297844]
[1522.4717664983134, 2076.269283327722, 2083.269283316694]
[-1662.5154266577665, -2274.5041332526807, -2267.504133261503]
[1818.1033066056734, 2480.109477272309, 2487.1094772652514]
[-1985.5875818150244, -2715.828904454471, -2708.828904460117]
[2171.1631235658356, 2962.3981562941035, 2969.3981562895865]
[-2371.418525033476, -3242.8837744580037, -3235.883774461617]
[2592.807019567849, 3538.374429582684, 3545.3744295797933]
[-2832.199543664991, -3872.322351490974, -3865.322351493287]
[3096.357881193705, 4226.237698660627, 4233.237698658776]
[-3382.490158927761, -4624.0333114045025, -4617.033311405984]

julia> iter(BJ,bJ,rand(3),100)
[0.9615142813495996, 0.6611417790283763, 1.5824427461604667]
[0.4025661899244628, -0.5505599094682132, 1.586480864237459]
[0.8856316180923016, -0.3302111673597523, 2.7794214516047853]
[0.3203158863019868, -1.477789808520749, 2.409916286650881]
[0.9271494087479472, -0.9560593838414997, 3.554105492295805]
[0.26078155661827784, -2.1141441573358226, 2.893987743574021]
[0.9880625655047206, -1.3195028175065282, 4.087002703221347]
[0.19300004571407237, -2.564827188778966, 3.1603772278033344]
[1.0617799843902525, -1.5055018005282967, 4.474661732737544]
[0.1123360271163012, -2.9044413799461357, 3.2796894466665365]
[1.1499007733118398, -1.5686859681797496, 4.7786186931103884]
[0.016026910027744368, -3.1828552638130465, 3.2949884652190637]
[1.2551467194375932, -1.542401536186349, 5.03987344703934]
[-0.09898876434119641, -3.433957445406509, 3.231862541174042]
[1.380837961692987, -1.4458945272027552, 5.286761462061686]
[-0.23634677394357229, -3.681744354326544, 3.1043804370850094]
[1.5309455668966137, -1.2889656400905785, 5.539934193038665]
[-0.40038742117923465, -3.944325581189578, 2.918794285313817]
[1.7102125183503045, -1.0748804597793598, 5.815615433423357]
[-0.5962939894575989, -4.236577354078808, 2.675819360483366]
[1.9243031974381766, -0.8021378926036533, 6.127779479046086]
[-0.8302566345769729, -4.57194486221214, 2.371989035107652]
[2.1799823308417956, -0.4654885742553325, 6.489658543600502]
[-1.109667987738068, -4.963719767217119, 2.0003979270675476]
[2.485328736059829, -0.056451146558810894, 6.914843008868923]
[-1.443356744924045, -5.426005901519071, 1.5510294228231172]
[2.8499905914783814, 0.4365191597111243, 7.418147419184875]
[-1.8418666315583996, -5.974514171939253, 1.010788435639748]
[3.285490294519802, 1.0281159041115615, 8.016357990174763]
[-2.31778955771453, -6.627282509947731, 0.36331115890282994]
[3.8055885404179604, 1.7364668959635483, 8.728941831043997]
[-2.8861634908030185, -7.4053888810023825, -0.41140893293802305]
[4.426719125576162, 2.583592542671626, 9.578776501123114]
[-3.5649476175178965, -8.333708851128957, -1.337561684367766]
[5.16850821419869, 3.5960283945013716, 10.592946127910325]
[-4.375589808964679, -9.441760188007738, -2.4442260012805734]
[6.054394475715324, 4.8056167246103305, 11.803644073992063]
[-5.343704319440958, -10.76467304947978, -3.766251169974394]
[7.11236968778167, 6.250482663755898, 13.249220167360209]
[-6.499881132446443, -12.344324009000836, -5.345334006117387]
[8.37586320604729, 7.9762196578724875, 14.975411660179248]
[-7.880652527220694, -14.230674610562316, -7.231321008716906]
[9.88479824771169, 10.037317817861803, 17.03680069933813]
[-9.529647406879974, -16.48335985855518, -9.48377355337412]
[11.686853364771721, 12.498877805451285, 19.498546849596135]
[-11.498969862018967, -19.173578825585597, -12.173843590269717]
[13.838968966342128, 15.438662817023362, 22.438451005276065]
[-13.850845528919772, -22.386348390757703, -15.386517840155541]
[16.4091464923653, 18.949552483692344, 25.949416924174074]
[-16.65958776314657, -26.223192136285377, -19.223300583899995]
[19.478597088074153, 23.142475572378626, 30.14238881428693]
[-20.01394575466622, -30.805349886659208, -23.805419293132562]
[23.14430767191671, 28.14991373637254, 35.14985821119386]
[-24.01990877902656, -36.277609637721774, -29.27765405786472]
[27.5221054782346, 34.130086757902404, 41.130051221788044]
[-28.80405519187618, -42.81288316872428, -35.812911597615766]
[32.75031790653602, 41.27195135484309, 48.2719286117299]
[-34.5175519866292, -50.617670051998324, -43.61768824648888]
[38.99414331939489, 49.80117139184279, 56.80115683625034]
[-41.34093129123726, -59.93858279675823, -52.93859444123219]
[46.45087089519617, 59.98724806948066, 66.9872387539015]
[-49.489794729352866, -71.07013936119967, -64.070146813663]
[55.35611446994507, 72.15203534267155, 79.15202938070088]
[-59.22162588934898, -84.36406929253874, -77.36407406211528]
[65.99125734186161, 86.67990960543182, 93.67990578977059]
[-70.84392615808098, -100.24042756856113, -93.2404306210901]
[78.6923432758605, 104.02991496010446, 111.0299125180813]
[-84.72393099127432, -119.20086732480925, -112.20086927842777]
[93.86069464129481, 124.75026781925195, 131.75026625635712]
[-101.30021363024363, -141.84449086160365, -134.8444921119195]
[111.97559318940925, 149.49567914163305, 156.49567814138038]
[-121.09654291320538, -168.886779788868, -161.88678058907016]
[133.6094241511753, 179.04804163653827, 186.04804099637656]
[-144.73843305316592, -201.18220245757138, -194.18220296970074]
[159.44576217090886, 214.34113559702698, 221.3411351873235]
[-172.9729083137402, -239.75121301822236, -232.75121334598515]
[190.30097054568301, 256.4901340022842, 263.490133740074]
[-206.6921070969433, -285.8124952103324, -278.81249542010056]
[227.1499962521732, 306.8268391748578, 313.82683900704325]
[-246.96147127276043, -340.8214697065039, -333.8214698407555]
[271.1571758189038, 366.94176438170865, 373.9417642743073]
[-295.05341146240636, -406.5162817470073, -399.5162818329284]
[323.7130254319743, 438.73439005130535, 445.7343899825684]
[-352.4875120135495, -484.9727221588445, -477.972722213834]
[386.47817774907145, 524.473182576487, 531.4731825324955]
[-421.078546043593, -578.669817125625, -571.6698171608182]
[461.4358537145773, 626.8672721460919, 633.8672721179372]
[-502.99381770561166, -690.5681591801807, -683.5681592027045]
[550.954527353154, 749.1520544444083, 756.1520544263893]
[-600.8216435483191, -824.2034544823731, -817.2034544967884]
[657.8627635916646, 895.1914210167585, 902.1914210052262]
[-717.653136808794, -983.7982422408468, -976.7982422500727]
[785.5385937963678, 1069.5998485235757, 1076.5998485161952]
[-857.1798788159084, -1174.3953163315034, -1167.3953163374076]
[938.0162530675644, 1277.8882045962894, 1284.8882045915661]
[-1023.8105636751422, -1402.017064900279, -1395.0170649040574]
[1120.1136519217346, 1526.637877393303, 1533.6378773902802]
[-1222.8103019134335, -1673.8557626809181, -1666.8557626833363]
[1337.5846101457018, 1823.7087309120425, 1830.708730910108]
[-1460.4669847288603, -1998.5008287863673, -1991.5008287879148]

julia> iter(BJ,bJ,rand(3),100)
[0.7851625990233776, 0.21671127769857546, 1.887146758484642]
[0.458456785526713, -0.7237824463970646, 2.0125659382317886]
[0.7844866032661104, -0.6934354647961161, 2.8956432429069663]
[0.4191168887556599, -1.5303092356320174, 2.7409537305304488]
[0.8157422020406275, -1.2604097399266232, 3.5566006330033497]
[0.3815236427693093, -2.0715773872189307, 3.1820309111250475]
[0.8558185904375533, -1.5982341860077618, 4.004652452667421]
[0.33743269333613635, -2.446049398308958, 3.436259912631188]
[0.903915794271108, -1.783981007439405, 4.321866441312713]
[0.2848458264506768, -2.7190594707586135, 3.565618488243081]
[0.9613763930062131, -1.8664331211747354, 4.56130924602662]
[0.2220495500592461, -2.933597954023781, 3.6085959397373033]
[1.030000805714591, -1.875696571813541, 4.758058543195327]
[0.14705521144728562, -3.1184471568420986, 3.5885569351649966]
[1.111956088670841, -1.8296676327109118, 4.935935640894765]
[0.05749279672645846, -3.293530948184149, 3.5189516707003934]
[1.2098317109935022, -1.7381584552508982, 5.111827639856736]
[-0.04946767384233541, -3.4733947962827902, 3.406594079803318]
[1.326720286591789, -1.6054881943057202, 5.298502906563167]
[-0.17720588490297873, -3.6694904398872494, 3.2537024408078605]
[1.4663151996317556, -1.432079598685097, 5.506474705870991]
[-0.3297580428743576, -3.8917058445494948, 3.0591375990953753]
[1.6330272981816478, -1.2154068621265575, 5.7452678927893395]
[-0.5119444122651129, -4.149425233504131, 2.819114570428587]
[1.8321242652302177, -0.9505138914368243, 6.0243179517093495]
[-0.7295216241090101, -4.452304067459567, 2.527561407057372]
[2.069897064160878, -0.6302404760022937, 6.353651903611258]
[-0.9893645710435857, -4.810880348553358, 2.176233555137484]
[2.3538587173663497, -0.24524101569255286, 6.74445010726012]
[-1.2996836366270272, -5.237103572754636, 1.7546493256075024]
[2.692981698858854, 0.21615399416480896, 7.20955631285452]
[-1.6702841228077319, -5.744837729827157, 1.2498841251246113]
[3.0979814418810188, 0.7682063490234037, 7.7639838329848185]
[-2.1128760728032887, -6.350379643140263, 0.6462423440288694]
[3.581654919644558, 1.4281565538982202, 8.425454143633527]
[-2.641444279012699, -7.073025282764645, -0.07518721097639958]
[4.159284997496418, 2.2167274803861994, 9.214997937816797]
[-3.2726901672811985, -7.935712349252006, -0.9370959833075272]
[4.8491233330238135, 3.1587528535585014, 10.157645946314084]
[-4.026559519949035, -8.965766090260793, -1.9666516160563265]
[5.672967082526848, 4.283945100824676, 11.28323668018825]
[-4.926872712405171, -10.19577617716134, -3.19634291367048]
[6.656847636332728, 5.627823415898453, 12.62737002669114]
[-6.002077377035838, -11.664635075886006, -4.6649977872518535]
[7.831853145255144, 7.232829180615818, 14.23253901152314]
[-7.286147276855584, -13.418772467320572, -6.419004602594713]
[9.235110827966114, 9.149662592818004, 16.14947688459869]
[-8.819655790966678, -15.5136258388654, -8.513774405440849]
[10.910960097722501, 11.43888184073935, 18.43876298747899]
[-10.651057931287337, -18.01539442907219, -11.015489511680482]
[12.91235357630107, 14.172814781859321, 21.172738715772688]
[-12.838221399052804, -21.00313240313858, -14.003193256007886]
[15.302530263658587, 17.437843164427434, 24.437794482131988]
[-15.450255058623771, -24.571247691169027, -17.571286637005382]
[18.157013731269767, 21.33713133305382, 28.33710017638473]
[-18.56969260377542, -28.832485633615693, -21.832510558950965]
[21.565998477026664, 25.99388548867094, 32.993865548402724]
[-22.295100414829466, -33.92149182953285, -26.92150778174742]
[25.637199844512107, 31.555246391329725, 38.55523362955807]
[-26.744192008355117, -39.999066841451295, -32.99907705086863]
[30.499257556927972, 38.19693844403695, 45.19693027650309]
[-32.057547488216024, -47.25724724397366, -40.25725377800075]
[36.305800408789764, 46.128822017687014, 53.128816790465336]
[-38.403055523260946, -55.925373595888175, -48.92537777766552]
[43.24030054942148, 55.6015244314368, 62.60152108601492]
[-45.98121820698069, -66.27733708858054, -59.27733976491803]
[51.521870741399425, 66.9143590947267, 73.91435695365671]
[-55.03148641935337, -78.64023385948515, -71.64023557234114]
[61.41218777273052, 80.42478302561426, 87.42478165532947]
[-65.83982587237749, -93.4047004333558, -86.40470152958362]
[73.22376078517577, 96.5596915726179, 103.55969069563564]
[-78.74775290730142, -111.03725687057883, -104.03725757216463]
[87.32980577709739, 115.82890722065227, 122.82890665938363]
[-94.16312555201436, -132.09504763834587, -125.09504808736078]
[104.17603829028266, 138.84128869069437, 145.84128833148245]
[-112.57303080887074, -157.24344598129903, -150.24344626866858]
[124.29475689998705, 166.32396933848315, 173.32396910858753]
[-134.55917537882826, -187.27707804686486, -180.27707823078134]
[148.3216625110585, 199.14533273615638, 206.14533258902318]
[-160.81626613007182, -223.14493107564195, -216.1449311933485]
[177.0159449075962, 238.34245140670754, 245.3424513125423]
[-192.17396108769992, -265.9803390130723, -258.98033908840455]
[211.28427124059075, 285.15385570580366, 292.1538556455378]
[-229.62308454053658, -317.13679301266654, -310.13679306087926]
[252.20943442941834, 341.0586682649181, 348.0586682263479]
[-274.3469345965064, -378.2307083528456, -371.2307083837018]
[301.084566694619, 407.82334054556406, 414.82334052087907]
[-327.7586724265773, -451.19249909455084, -444.19249911429887]
[359.45399928353993, 487.5574682620701, 494.55746824627164]
[-391.5459746033367, -538.3275743104333, -531.3275743230721]
[429.1620594534022, 582.7804492997924, 589.7804492896813]
[-467.7243594357895, -642.389183213106, -635.3891832211948]
[512.4113465737204, 696.5010903512717, 703.5010903448007]
[-558.7008722784291, -766.6654109053287, -759.6654109105056]
[611.8323287263337, 832.3126776397761, 839.3126776356346]
[-667.3501421101644, -915.0830735990412, -908.0830736023544]
[730.5664588805582, 994.5065157259493, 1001.5065157232988]
[-797.1052125796994, -1092.3317961308624, -1085.3317961329828]
[872.3654369055381, 1188.207521938266, 1195.2075219365697]
[-952.0660175499344, -1304.0121923114712, -1297.0121923128281]

julia> iter(BJ,bJ,rand(3),100)
[0.8868563328318589, 0.7577314822569061, 1.674081143723558]
[0.32727494960781434, -0.59400744811159, 1.5390722810617314]
[0.9219740668199434, -0.2621678046925109, 2.844295978646146]
[0.2671487304185458, -1.5442264096448945, 2.3409446170260315]
[0.9813127170475453, -0.8796151857882435, 3.6285216355484975]
[0.20043742009589827, -2.1953423952578164, 2.8111670618115765]
[1.0536701333784961, -1.2291086174876207, 4.176098948167894]
[0.1212038677278906, -2.662347211885714, 3.061818840638698]
[1.1402113484988063, -1.3979366196021146, 4.581396222417415]
[0.026616158873879803, -3.0212015173334543, 3.1622647562821693]
[1.243574704420514, -1.4404582685752874, 4.906314750317211]
[-0.08634259269676958, -3.3224816820219742, 3.154936733092024]
[1.3670179795719801, -1.3894123493949118, 5.192522382696287]
[-0.22124401332055044, -3.600825097985822, 3.064722687687137]
[1.514440964119474, -1.2632805448214897, 5.469157683716878]
[-0.3823508555581552, -3.881102532621292, 2.9048480502094023]
[1.690501792964756, -1.0709380979442598, 5.757822368320296]
[-0.5747537081504146, -4.18245861184214, 2.6805497611695053]
[1.900763540269054, -0.8145383256754384, 6.075868372733878]
[-0.804532018823376, -4.521000114294724, 2.3913252444327293]
[2.151869947944798, -0.4912473880168331, 6.43861289896513]
[-1.0789462043793188, -4.911638298350024, 2.0322499312355475]
[2.4517553468457907, -0.09422146323671043, 6.860889120431747]
[-1.4066670628780147, -5.369413435083715, 1.594675031851052]
[2.8098953612930653, 0.38692679967036425, 7.3581975732181775]
[-1.7980497491554168, -5.910516203091769, 1.0665004157464824]
[3.2376063149381147, 0.9660195670649809, 7.947632862135582]
[-2.265460971680225, -6.553148815683713, 0.4321418203727694]
[3.7484027981243777, 1.6604709323738747, 8.64870344121906]
[-2.8236697494371743, -7.318323872225001, -0.3277378651488507]
[4.358424694949541, 2.4916581918939507, 9.48412699755487]
[-3.490314075779529, -8.230671476023714, -1.2366964314949769]
[5.086947163007476, 3.4854827755077933, 10.480662811130784]
[-4.286458234655432, -9.31930911410762, -2.323165085609226]
[5.956989679886738, 4.673115362349554, 11.67003058514827]
[-5.2372583789991305, -10.618820340073313, -3.6212881618343387]
[6.996043400763061, 6.091933881067124, 13.089959623658304]
[-6.372757401890172, -12.170385059231869, -5.171964465158924]
[8.236939809756318, 7.786674532883207, 14.785411008141564]
[-7.728834216409909, -14.02310473041578, -7.024115550209094]
[9.718888112249951, 9.81082612673124, 16.81001747089659]
[-9.348337439051132, -16.23556922161725, -9.236216146284972]
[11.488714147160891, 12.22830789264843, 19.227790352914255]
[-11.282439298225075, -18.877717941195762, -11.878131972983102]
[13.602339965671547, 15.115481297676512, 22.11515007224664]
[-13.59225254796926, -22.03305604406593, -15.03332102440983]
[16.126550827390304, 18.56355783871557, 25.56334585444045]
[-16.35076147726241, -25.80129701450848, -18.80146660192858]
[19.141105446574826, 22.681477872447832, 29.68134220251175]
[-19.645128029983834, -30.30151594063933, -23.3016244765882]
[22.741256166891013, 27.599350793264094, 34.599263964505]
[-23.579445903107636, -35.675913638360406, -28.67598310136768]
[27.040758695891235, 33.4725648423372, 40.47250927193138]
[-28.27802964570743, -42.0943108959016, -35.09435535222626]
[32.175466499251144, 40.486696140063984, 47.48666057500426]
[-33.889342686027305, -49.759515059703865, -42.759543511751644]
[38.307623428582204, 48.86337188381224, 55.863349122174014]
[-40.590688402394505, -58.913728669172094, -51.91374687848268]
[45.63099021906191, 58.86727286374395, 65.86725829629549]
[-48.59381246401578, -69.84620272466117, -62.84621437861992]
[54.37696684131243, 70.81449648850224, 77.81448716533525]
[-58.151593461535, -82.90237646879318, -75.90238392732677]
[64.82190415844798, 85.08254452647542, 92.08253855964854]
[-69.56603323444959, -98.49479251109803, -91.49479728455952]
[77.29583591826302, 102.12225112142745, 109.12224730265827]
[-83.1977993696343, -117.11613220943184, -110.11613526444718]
[92.19290698955162, 122.47202795941146, 129.4720255153992]
[-99.47762138992428, -139.35478320814002, -132.35478516334982]
[109.98382734859594, 146.77487668664958, 153.77487512248175]
[-118.91990072365255, -165.91343103742378, -158.91343228875806]
[131.23074533047276, 175.79870612046747, 182.79870511940004]
[-142.138964495947, -197.63126222770916, -190.6312630285631]
[156.6050101025089, 210.46059622122928, 217.46059558054614]
[-169.86847672071016, -235.51048050544048, -228.510481017987]
[186.908384609371, 251.85577550267368, 258.85577509263646]
[-202.98462023812405, -280.74797391785756, -273.74797424588735]
[223.09837926549798, 301.2922274919595, 308.2922272295357]
[-242.53378188859807, -334.7731334898277, -327.77313369976684]
[266.31850687583784, 360.3320197152527, 367.33201954730146]
[-289.7656157050217, -399.2930183881763, -392.29301852253735]
[317.93441476428546, 430.84066110003863, 437.8406609925497]
[-346.1725288370354, -476.34629469975397, -469.3462947857451]
[379.5770357941997, 515.0460473634103, 522.0460472946173]
[-413.5368378632111, -568.3676521533738, -561.3676522084081]
[453.1941217447128, 615.608856912011, 622.6088568679835]
[-493.9870855119978, -678.2647341922719, -671.2647342274939]
[541.1117873679063, 735.7066215867943, 742.7066215586167]
[-590.0652972581645, -809.5100121940559, -802.510012216598]
[646.1080097642616, 879.1341286765443, 886.1341286585106]
[-704.807302934022, -966.2505068325131, -959.2505068469401]
[771.5004054717813, 1050.4233266511608, 1057.4233266396193]
[-841.8386613163121, -1153.438823500408, -1146.4388235096412]
[921.2510588040197, 1254.9865233342377, 1261.9865233268513]
[-1005.4892186644357, -1376.989642183089, -1369.9896421889982]
[1100.091713748835, 1499.287401216973, 1506.2874012122456]
[-1200.9299209716876, -1643.9666064693306, -1636.9666064731125]
[1313.6732851769773, 1791.045253567165, 1798.0452535641396]
[-1434.336202852522, -1962.8055169221027, -1955.805516924523]
[1568.7444135386504, 2139.4788946806275, 2146.478894678691]
[-1713.0831157437276, -2343.5808811584134, -2336.5808811599622]

julia> iter(BJ,bJ,rand(3),100)
[0.9457806586240158, 0.33206608667068227, 2.3013548069931558]
[0.2466316425344648, -1.1193961090441311, 1.8560348672138478]
[1.0053444967321132, -0.48348055078486407, 3.296864230221519]
[0.174646528225338, -1.9396291828700605, 2.484646641935046]
[1.081993016374006, -0.9575759248381721, 3.981844735005913]
[0.09029247593290357, -2.518272994554333, 2.8332635333209355]
[1.174003784493359, -1.2027278170299098, 4.478501405270305]
[-0.010309435296158131, -2.9524026380135875, 2.9925807398265842]
[1.2839287592748012, -1.2899408177428042, 4.866045884529333]
[-0.13044202671461158, -3.306408211333387, 3.018381150484323]
[1.4152108243396255, -1.2625281097016137, 5.1973033797525545]
[-0.2739101080203765, -3.623927033537894, 2.943938158025441]
[1.5719955502049814, -1.145586483212202, 5.5087056700384665]
[-0.44524767473050586, -3.935762756112766, 2.7876709664877692]
[1.7592367158499989, -0.952037703298013, 5.826709274782416]
[-0.6498686285937612, -4.2650621061659315, 2.557935476298411]
[1.9828506519470084, -0.6864009296012243, 6.1719971363702495]
[-0.8942384827076102, -4.630737969875003, 2.255980482902176]
[2.2499029947891307, -0.3470889932386969, 6.562285768983047]
[-1.1860787102977401, -5.049789813102091, 1.8777099966753052]
[2.5688319265707147, 0.07226348677885186, 7.014263334600769]
[-1.5346107285518487, -5.538943438308902, 1.4146564399486325]
[2.9497147993441075, 0.5821191394618335, 7.544999042067861]
[-1.9508472726118777, -6.1158851533919325, 0.8544187686928901]
[3.404586553879617, 1.196803894090439, 8.173047031758298]
[-2.447940370339495, -6.800272246958485, 0.18072226317580187]
[3.9478199935130736, 1.9345983375951568, 8.919393945702588]
[-3.041596913319098, -7.6146431539673, -0.6268066674813548]
[4.596579928579462, 2.818084099312723, 9.808353288501479]
[-3.750574955125681, -8.58531460223297, -1.5930992508819637]
[5.371365541245973, 3.8747093827558436, 10.868481663836649]
[-4.597276418636998, -9.74333154756771, -2.748313722703065]
[6.29665810810831, 5.137561545617251, 12.133575805508967]
[-5.608454940450487, -11.125523887650498, -4.128712479737125]
[7.401694546955049, 6.646351959969895, 13.643801086300595]
[-6.816061218508197, -12.775718687822497, -5.7777593867579355]
[8.721391229832173, 8.448631996809628, 15.446999437661278]
[-8.258252573788361, -14.746156042061893, -7.747462089380573]
[10.297447252576987, 10.601270701019804, 17.60022586316486]
[-9.980598625673865, -17.09915959156268, -10.099995461846639]
[12.179662021363729, 13.172235819746858, 20.171567123519694]
[-12.03752117730662, -19.909118507361246, -12.909653464342979]
[14.427508788681692, 16.242731242397035, 23.242303276811647]
[-14.494013807683473, -23.264846136921996, -16.265188509390306]
[17.11201385852492, 19.909756330585637, 26.909482432610986]
[-17.42769550527865, -27.27239148949876, -20.27261060787848]
[20.318000838950898, 24.289166688414248, 31.288991393710468]
[-20.931263232849886, -32.058393450548735, -25.05853368631176]
[24.1467708547442, 29.519332242189364, 36.51922005357895]
[-25.115420918307326, -37.77408438476084, -30.774174135649176]
[28.71930340816401, 35.76550767584227, 42.76543587513161]
[-30.112377420389553, -44.60007006337089, -37.600127503939426]
[34.180079026924126, 43.22505297130736, 50.22500701885254]
[-36.080023996063964, -52.75203722585168, -45.75207398781554]
[40.701644485466886, 52.13366878867802, 59.13363937910693]
[-43.206923267113986, -62.4875692974723, -55.48759282512918]
[48.49006484904059, 62.77284356694894, 69.77282474482344]
[-51.71826732470896, -74.114285735475, -67.11430079317539]
[57.791434611460154, 75.4787475644239, 82.47873551826359]
[-61.882993233075, -87.99956225919495, -80.99957189612319]
[68.89965366212725, 90.65285481012855, 97.65284710058596]
[-74.02228076428581, -104.58213914531967, -97.58214531295374]
[82.16571378330937, 108.77462855607732, 115.77462362197006]
[-88.51970087121896, -124.38598441089981, -117.38598835818561]
[98.00878910763417, 130.41667103503607, 137.41666787720743]
[-105.83333556489741, -148.03684994481964, -141.03685247108254]
[116.92948096636087, 156.262816202825, 163.2628141818147]
[-126.51025215385589, -176.2820437319961, -169.28204534880436]
[139.52563563232022, 187.12973714058586, 194.12973584713924]
[-151.20378919509005, -210.0140429306395, -203.01404396539678]
[166.51123475841453, 223.99275085035345, 230.99275002254763]
[-180.6942003491604, -250.29869392140392, -243.2986945836486]
[198.73895540202102, 268.01663580658305, 275.0166352767873]
[-215.91330843334816, -298.40889038223827, -291.40889080607485]
[237.22711247532527, 320.5924360181992, 327.5924356791299]
[-257.97394867893166, -355.864793533434, -348.8647938046895]
[283.1918349352494, 383.3814145153243, 390.3814142983199]
[-308.20513152545766, -424.48186541275567, -417.4818655863592]
[338.085492399646, 458.3675450792705, 465.36754494038763]
[-368.19403600786325, -506.4282329121685, -499.4282330232748]
[403.6425863741773, 547.9202008217652, 554.9202007328801]
[-439.8361606218581, -604.293195135975, -597.2931952070832]
[481.9345561372233, 654.8690204144098, 661.8690203575233]
[-525.3952163087733, -721.1690387409079, -714.1690387864172]
[575.43523101093, 782.5933175526432, 789.5933175162357]
[-627.5746540275517, -860.7487464173606, -853.7487464464866]
[687.0989971455389, 935.1288587682101, 942.1288587449093]
[-749.6030870052479, -1027.442685854143, -1020.4426858727836]
[820.4541486907707, 1117.295383500326, 1124.2953834854136]
[-895.3363067942959, -1226.5179662646394, -1219.517966276569]
[979.7143730164834, 1334.8488957389736, 1341.84889572943]
[-1069.3791165873615, -1464.2648657901375, -1457.2648657977722]
[1169.911892635164, 1594.6635392731623, 1601.6635392670546]
[-1277.2308314160869, -1748.1955884677095, -1741.1955884725955]
[1397.056470776122, 1904.9488033445111, 1911.9488033406026]
[-1525.4590426740456, -2087.281630982931, -2080.2816309860577]
[1668.3253047875955, 2275.5089218584644, 2282.508921855963]
[-1821.907137485771, -2492.237259399809, -2485.2372594018098]
[1992.2898075206476, 2718.0526625157563, 2725.0526625141556]
[-2175.9421300119648, -2975.8580530195836, -2968.858053020864]

julia> iter(BJ,bJ,rand(3),10)
[0.922237764272861, 0.3232527800026761, 1.7793152306176867]
[0.4589727957518549, -0.6923472902032937, 1.8725026702887146]
[0.8279378479658317, -0.5815912545317137, 2.870288713861893]
[0.38452101626792823, -1.5274061102758472, 2.6340978644390383]
[0.8573232983347236, -1.1610866980584018, 3.5681164817135063]
[0.3371880865379582, -2.0974225047046944, 3.085940039112832]
[0.904592986236745, -1.503627265905449, 4.043062769148572]
[0.2842257987027508, -2.496287409813556, 3.3410646182296615]
[0.9620891166335579, -1.6865420140648295, 4.383339608369745]
[0.22128096227803384, -2.7915073333492195, 3.4643979645984406]

julia> iter(BJ,bJ,rand(3),20)
[0.8104438277831606, 0.04978807441625088, 1.8049600282421043]
[0.5581007589366579, -0.6681455537069476, 2.135992009353735]
[0.7128614177412851, -0.8320339110576511, 2.8112761393908947]
[0.5083031086667026, -1.4341654786092297, 2.880482561749607]
[0.7214731667438491, -1.4077072928663665, 3.4440111394207027]
[0.48547846137826556, -1.9437981782341018, 3.3375765675955535]
[0.7424886442554193, -1.7642526386277493, 3.860847158035975]
[0.4613621922367096, -2.285673184130948, 3.6144066532000316]
[0.7685066123723665, -1.9760701994547092, 4.143993670410074]
[0.43283061161785397, -2.5225975812770063, 3.773453514614821]
[0.799657626664874, -2.0918950563389984, 4.3449458203744635]
[0.39877969438581395, -2.6958197069655205, 3.853652994405249]
[0.8368666850241084, -2.142434273278525, 4.4971438878180905]
[0.35811615418417375, -2.8324617842641158, 3.8792007446131764]
[0.8813044158603758, -2.1466070573642106, 4.622722965737623]
[0.30955363665063507, -2.950700138934249, 3.864763879547218]
[0.9343745037548123, -2.1156325582980284, 4.7367386564871445]
[0.2515575607243534, -3.0631407266916404, 3.818756245136498]
[0.997753792622057, -2.05562802039894, 4.849889557063571]
[0.18229538533414735, -3.1790131626996803, 3.7454008992703294]

julia> iter(BJ,bJ,rand(3),30)
[0.8202510360639071, 0.7774632714480458, 1.5614512184106246]
[0.3644342040565318, -0.47726138915406247, 1.5499289684160005]
[0.8709329682952248, -0.2857168563554131, 2.736035429700637]
[0.31987257066191044, -1.4372015310785997, 2.3802002977662404]
[0.9228004933249438, -0.9321092664777564, 3.5218121965981157]
[0.26411882795185626, -2.0865699546084704, 2.8765672158522277]
[0.984001095502497, -1.3069013038625248, 4.063608432506034]
[0.1973171485425964, -2.5444871842058263, 3.151920604889021]
[1.057026631726722, -1.5004633433282555, 4.456662887947623]
[0.11752018215225313, -2.888140963048787, 3.2775600219719156]
[1.1442323764307485, -1.5690560904384339, 4.763504697578128]
[0.0222205571441223, -3.168496708634802, 3.2975519217784477]
[1.248377914742542, -1.546929760280407, 5.025909144050193]
[-0.09159175350791426, -3.4200784811371707, 3.238192642327309]
[1.3727543355239449, -1.4539174124586816, 5.272699486312902]
[-0.2275128295416884, -3.6672613232599, 3.1140321957573676]
[1.5212916510010133, -1.300220624789219, 5.524814190424596]
[-0.3898374262541511, -3.928368012740082, 2.93165983943097]
[1.6986832693236449, -1.0893929010431154, 5.798629380693726]
[-0.5836945918602445, -4.21837681228444, 2.6920410131050345]
[1.9105343196717621, -0.8201549737399298, 6.10817928657165]
[-0.8152097251326882, -4.550757157126025, 2.391910251123239]
[2.1635387624011146, -0.48744431084551576, 6.466689615753896]
[-1.0916981219633521, -4.938767197563562, 2.0245399437159666]
[2.4656909015390385, -0.08295270618743245, 6.887693006836191]
[-1.4218961202595033, -5.396430766084569, 1.5800858043343307]
[2.8265379847000953, 0.40468980463633686, 7.385903060971456]
[-1.8162371462431175, -5.939337642657204, 1.0456329624108924]
[3.257481872098525, 0.9899884885685332, 7.977964972623011]
[-2.287181384476618, -6.585364726937819, 0.40501646030576355]

julia> iter(BG,bG,rand(3),30)
[0.545702575013261, 0.1311604977516846, 2.176790571793348]
[0.37681957218198703, -0.7921602863074731, 2.983000400173184]
[0.42366395445371563, -1.4558659019200335, 3.4952271397545407]
[0.48425550486619706, -1.8898839137501113, 3.8182049290536106]
[0.5286715938786003, -2.1660325807943286, 4.021357427084023]
[0.5578700614841221, -2.3402339662608673, 4.149039148415046]
[0.5764779271383286, -2.449822489587368, 4.229266820814563]
[0.5882222675091221, -2.5187023636552994, 4.279672983920591]
[0.5956117518938835, -2.561983087894026, 4.311341769557668]
[0.6002565273345432, -2.5891760265799517, 4.331238210330144]
[0.603175126499923, -2.6062606188640847, 4.343738444491299]
[0.6050088697491143, -2.616994303492685, 4.3515918948945025]
[0.6061609634392731, -2.623737901291311, 4.35652593565734]
[0.6068847862535887, -2.6279746630273073, 4.359625815920411]
[0.6073395388427587, -2.630636468273432, 4.361573359081643]
[0.6076252436767159, -2.6323087847360003, 4.3627969303181136]
[0.6078047417671547, -2.6333594409613528, 4.363565656062221]
[0.6079175139596529, -2.634019530433638, 4.364048618763049]
[0.6079883646682354, -2.6344342408777335, 4.364352046834893]
[0.6080328776171364, -2.6346947885147687, 4.364542679764961]
[0.6080608434999231, -2.6348584812119378, 4.364662447569581]
[0.6080784134569426, -2.6349613234384424, 4.364737693367977]
[0.608089452028186, -2.6350259355056562, 4.36478496759325]
[0.6080963871649625, -2.6350665289405852, 4.364814668286483]
[0.608100744261641, -2.635092032333843, 4.364833328162418]
[0.6081034816685699, -2.6351080551973625, 4.364845051490462]
[0.60810520148276, -2.635118121785474, 4.364852416835275]
[0.6081062819800798, -2.6351244462602517, 4.364857044216169]
[0.608106960817633, -2.6351284196999885, 4.364859951432938]
[0.6081073873068202, -2.635130916069078, 4.364861777932535]

julia> iter(BS,bS,rand(3),30)
[0.9366394303558907, 0.6332549736146325, 2.171795154815186]
[-0.08755086997666384, -1.0349005381781238, 3.779766815680029]
[0.30341501464080345, -2.3987770804781214, 4.478923757591925]
[0.5255255392342646, -2.7964494712184393, 4.543734049371067]
[0.6275323890655882, -2.782342948489716, 4.450713934950464]
[0.63444333113824, -2.6905504165897502, 4.380394971278493]
[0.6204287745696948, -2.639165461441995, 4.357078164675756]
[0.6101770691543758, -2.626432123688481, 4.357024084301717]
[0.606918367064821, -2.629070685969889, 4.361653178961344]
[0.6069840253119267, -2.6331820668572306, 4.364438092431533]
[0.6076773373307018, -2.6351251785846044, 4.365187539639733]
[0.6080792569644848, -2.6354715290671216, 4.365082199570777]
[0.6081824979904562, -2.635292289277793, 4.364869707314841]
[0.6081643199633342, -2.635115715433001, 4.364763187727407]
[0.6081328529738539, -2.63504548294993, 4.364741612129854]
[0.6081175917019921, -2.6350385215868424, 4.364749888921027]
[0.6081147045438426, -2.6350483379329894, 4.364759153984258]
[0.6081160127419702, -2.635055614907116, 4.364763064148168]
[0.6081173729501423, -2.6350580254556073, 4.3647635643661005]
[0.6081179284557838, -2.635058021972049, 4.364763085445719]
[0.6081179907646939, -2.6350575396040936, 4.3647626984192085]
[0.6081179174721949, -2.6350572508662977, 4.364762561614632]
[0.608117861080631, -2.635057173724139, 4.36476255664001]
[0.6081178418472084, -2.635057184965255, 4.3647625809120925]
[0.6081178415421846, -2.6350572070800005, 4.36476259646704]
[0.6081178451912339, -2.635057218109669, 4.364762600964389]
[0.6081178474415192, -2.6350572203215763, 4.364762600563731]
[0.6081178480647045, -2.6350572194512183, 4.364762599427274]
[0.6081178479902831, -2.6350572184882823, 4.364762598825201]
[0.6081178478214648, -2.635057218083909, 4.364762598690371]

julia> eigen
eigen  eigen!
julia> eig
eigen    eigen!    eigmax    eigmin    eigvals   eigvals!  eigvecs
julia> eigvals(BS)
3-element Vector{ComplexF64}:
 -0.21535080451329935 + 0.0im
  0.30001140225665013 - 0.3305046931501337im
  0.30001140225665013 + 0.3305046931501337im

julia> BS
3×3 Matrix{Float64}:
 -0.35    -0.54      -0.54
  0.189   -0.0584    -0.7884
 -0.0152   0.354672   0.793072

julia> val = eigvals(BS)
3-element Vector{ComplexF64}:
 -0.21535080451329935 + 0.0im
  0.30001140225665013 - 0.3305046931501337im
  0.30001140225665013 + 0.3305046931501337im

done

julia> using SymPy

julia> charpoly
ERROR: UndefVarError: charpoly not defined

help?> SymPy
search: SymPy sympy sympy_core sympy_plotting sympy_matrices sympify SymPermutation SymPermutationGroup asyncmap asyncmap!

  SymPy package to interface with Python's SymPy library (http://www.sympy.org) through PyCall.

  The basic idea is that a new type – Sym – is made to hold symbolic objects. For this type, the basic functions from SymPy and appropriate functions of Julia are overloaded for Sym objects so that the
  expressions are treated symbolically and not evaluated immediately. Instances of this type are created by the constructor Sym, the function symbols or the macro @vars.

  On loading, a priviledged set of the functions from the sympy module are defined as generic functions with their first argument narrowed to symbolic types. Others may be accessed by qualification, as in
  sympy.trigsimp. Calling import_from(sympy) will import the rest. SymPy methods are called through Python's dot-call syntax. To find documentation on SymPy functions and methods, one should refer to
  SymPy's website (http://docs.sympy.org/latest/index.html).

  Plotting is provided through Plots recipes. For details, see the help page for sympy_plotting.

  The package documentation (https://docs.juliahub.com/SymPy/) provides many examples.

  Access to SymPy's help system for most functions is available through SymPy.Doc.

julia> Det
ERROR: UndefVarError: Det not defined

julia> Sym
Sym

julia> Sym.det
ERROR: type DataType has no field det
Stacktrace:
 [1] getproperty(x::Type, f::Symbol)
   @ Base .\Base.jl:37
 [2] top-level scope
   @ REPL[144]:1

julia> Sym.getproperty
ERROR: type DataType has no field getproperty
Stacktrace:
 [1] getproperty(x::Type, f::Symbol)
   @ Base .\Base.jl:37
 [2] top-level scope
   @ REPL[145]:1

julia> BS
3×3 Matrix{Float64}:
 -0.35    -0.54      -0.54
  0.189   -0.0584    -0.7884
 -0.0152   0.354672   0.793072

julia> @vars y
(y,)

julia> M = y[1 0 0; 0 1 0; 0 0 1;]-BS
ERROR: MethodError: no method matching typed_hvcat(::Sym, ::Tuple{Int64, Int64, Int64}, ::Int64, ::Int64, ::Int64, ::Int64, ::Int64, ::Int64, ::Int64, ::Int64, ::Int64)
Closest candidates are:
  typed_hvcat(::Type{T}, ::Tuple{Vararg{Int64}}, ::Number...) where T at D:\ProgLangToolkit\julia\julia-1.7.2\share\julia\base\abstractarray.jl:2022
  typed_hvcat(::Type{T}, ::Tuple{Vararg{Int64}}, ::Any...) where T at D:\ProgLangToolkit\julia\julia-1.7.2\share\julia\base\abstractarray.jl:2033
  typed_hvcat(::Type{T}, ::Tuple{Vararg{Int64}}) where T at D:\ProgLangToolkit\julia\julia-1.7.2\share\julia\base\abstractarray.jl:1980
  ...
Stacktrace:
 [1] top-level scope
   @ REPL[148]:1

julia> M = y[1 0 0; 0 1 0; 0 0 1;]
ERROR: MethodError: no method matching typed_hvcat(::Sym, ::Tuple{Int64, Int64, Int64}, ::Int64, ::Int64, ::Int64, ::Int64, ::Int64, ::Int64, ::Int64, ::Int64, ::Int64)
Closest candidates are:
  typed_hvcat(::Type{T}, ::Tuple{Vararg{Int64}}, ::Number...) where T at D:\ProgLangToolkit\julia\julia-1.7.2\share\julia\base\abstractarray.jl:2022
  typed_hvcat(::Type{T}, ::Tuple{Vararg{Int64}}, ::Any...) where T at D:\ProgLangToolkit\julia\julia-1.7.2\share\julia\base\abstractarray.jl:2033
  typed_hvcat(::Type{T}, ::Tuple{Vararg{Int64}}) where T at D:\ProgLangToolkit\julia\julia-1.7.2\share\julia\base\abstractarray.jl:1980
  ...
Stacktrace:
 [1] top-level scope
   @ REPL[149]:1

julia> M = y*[1 0 0; 0 1 0; 0 0 1;]
3×3 Matrix{Sym}:
 y  0  0
 0  y  0
 0  0  y

julia> M - BS
3×3 Matrix{Sym}:
           y + 0.35   0.540000000000000  0.540000000000000
 -0.189000000000000          y + 0.0584  0.788400000000000
 0.0152000000000000  -0.354672000000000       y - 0.793072

julia> M -= BS
3×3 Matrix{Sym}:
           y + 0.35   0.540000000000000  0.540000000000000
 -0.189000000000000          y + 0.0584  0.788400000000000
 0.0152000000000000  -0.354672000000000       y - 0.793072

julia> M.det()
 3             2
y  - 0.384672⋅y  + 0.0700247999999999⋅y + 0.042906536

julia> det(M)
 3             2
y  - 0.384672⋅y  + 0.0700247999999999⋅y + 0.042906536

julia> M.det()
 3             2
y  - 0.384672⋅y  + 0.0700247999999999⋅y + 0.042906536

julia>

julia> function iter(B,b,Xk,n)
                  for i=1:n
                      Xk1 = B * Xk + b
                      Xk = Xk1
                      println(Xk)
                      end
                      end
iter (generic function with 1 method)

julia> using LinearAlgebra

julia> B = [-.35 -.54 -.54 ; -.54 -.35 -1.08; -.54 -1.08 -.35;]
3×3 Matrix{Float64}:
 -0.35  -0.54  -0.54
 -0.54  -0.35  -1.08
 -0.54  -1.08  -0.35

julia> b = [1.755; 1.485;3.375]
3-element Vector{Float64}:
 1.755
 1.485
 3.375

julia> iter(B,b,rand(3),30)
[1.0093068841046362, 0.5245848595690406, 2.314183655884464]
[-0.1311924077815152, -1.742948766620889, 1.4534583546893702]
[1.9572421651665504, 0.5961409454548094, 4.819518144011298]
[-1.854490666119991, -4.985639695631323, -0.012574340685085783]
[5.103107312752858, 4.244979141115651, 9.765316850226405]
[-7.596647394788211, -13.30296284652154, -7.383116318870687]
[15.584309337487678, 18.216992213848513, 24.428480179033638]
[-26.72806336027705, -39.689232910446655, -33.264846695861515]
[50.50502516350338, 65.73542016473637, 72.31522210138353]
[-90.46910563093094, -126.89555051544376, -120.20229510169135]
[166.8520236040788, 224.57023843093472, 231.34631488297396]
[-302.8381470509383, -417.06869627064157, -410.23216046065295]
[554.4908141027274, 754.0423763997364, 760.9230475410282]
[-1010.3981138639675, -1383.651762699691, -1376.7388727665482]
[1846.0052830041582, 2518.2560810193067, 2525.192490670501]
[-3367.809077763952, -4603.955371103144, -4597.001792057772]
[6149.0050453242775, 8396.248217301028, 8403.21433000415]
[-11222.106541408295, -15333.136076934952, -15326.160814661673]
[20485.51261095508, 27980.27383912232, 27987.255780581814]
[-37390.640408474515, -51080.023896636914, -51073.03707937148]
[68251.13207001062, 93229.31923012035, 93236.30960672413]
[-124577.58079639974, -170179.60242360993, -170172.60944868915]
[227394.10268978143, 310622.65768290363, 310629.6525545958]
[-415062.4284696732, -566989.2854004618, -566982.2891441265]
[757618.2552184633, 1.0349223185394418e6, 1.0349293158065665e6]
[-1.3828845168733068e6, -1.8890588453778666e6, -1.8890518473728658e6]
[2.5241911099910527e6, 3.4481057151565338e6, 3.4481127137001846e6]
[-4.607423085079497e6, -6.293860445496155e6, -6.2938534465592895e6]
[8.409965336487764e6, 1.1488222829150615e7, 1.1488229828374527e7]
[-1.5350770547834296e7, -2.09695460015506e7, -2.0969539002117142e7]

julia> iter(B,b,rand(3),100)
[1.0188812454808005, 0.5842800252779677, 2.193189142508069]
[-0.10144178652274038, -1.6383381553156358, 1.4261655002623383]
[1.9050778590117396, 0.5729381787994269, 4.700025847371348]
[-1.759177824786328, -4.820298321607195, 0.08247567645030784]
[4.929136467059934, 4.032986707380803, 9.502011725962781]
[-7.2790969174765126, -12.85045170383545, -6.968063440270605]
[15.004682098934047, 17.438878947271977, 23.623022379674318]
[-25.67006545117792, -38.234000135017844, -31.829575429364134]
[48.57385371267854, 63.104676854605586, 69.6699068897328]
[-86.94412402138022, -122.0750173448698, -115.39239941922693]
[160.4178484600953, 215.78487441501485, 222.55318550073414]
[-291.09379931553786, -401.02278455449954, -394.19191746192445]
[533.0537688493072, 724.7608970833437, 731.6374300609235]
[-971.2689157551619, -1330.1987736235938, -1323.2889045499603]
[1774.582466728026, 2420.6918021900024, 2427.6260066137547]
[-3237.440480108838, -4425.86774994249, -4418.9157807131505]
[5911.04227459214, 8071.185614908846, 8078.150552446265]
[-10787.75132647901, -14739.795390139818, -14732.820985737502]
[19692.680807241406, 26897.245767444107, 26904.227082657795]
[-35943.47862158952, -49103.16390378621, -49096.17754368022]
[65609.61689918822, 89620.94256915816, 89627.93261203553]
[-119756.00351256046, -163593.20524576536, -163586.21251446486]
[218593.2418199205, 298600.4582484226, 298607.45294227195]
[-398998.1516799472, -545045.0751473587, -545038.0790208487]
[728296.0113388136, 994867.3885512637, 994874.385723616]
[-1.32936240707702e6, -1.8159462836974068e6, -1.8159392857615899e6]
[2.426496804984815e6, 3.3146528127382e6, 3.314659811231347e6]
[-4.429100943688241e6, -6.050267870280025e6, -6.050260871380028e6]
[8.084472605787314e6, 1.104359149028009e7, 1.1043598489477087e7]
[-1.4756646246094435e7, -2.0157957112358436e7, -2.0157950112944625e7]
[2.6935417842796706e7, 3.679446156919664e7, 3.6794468568768725e7]
[-4.9165416764480144e7, -6.716121175359927e7, -6.716120475391164e7]
[8.974200253662394e7, 1.225898517858036e8, 1.2258985878557557e8]
[-1.6380674284136316e8, -2.237641754982298e8, -2.2376416849839628e8]
[2.989976675076552e8, 4.084384060219845e8, 4.08438413021863e8]
[-5.45762664156357e8, -7.455256671404405e8, -7.455256601405292e8]
[9.961846509414486e8, 1.3608135365803585e9, 1.360813543580294e9]
[-1.8183432493612592e9, -2.483903074893225e9, -2.4839030678932724e9]
[3.31903545613615e9, 4.533886745677443e9, 4.533886752677409e9]
[-6.058260097004272e9, -8.275737198707229e9, -8.2757371917072525e9]
[1.1058187206530315e10, 1.5105764640458672e10, 1.5105764647458652e10]
[-2.0184591336005966e10, -2.757266453345725e10, -2.7572664526457264e10]
[3.684308466171092e10, 5.0328589598212105e10, 5.032858960521209e10]
[-6.7249956399692894e10, -9.18651488488422e10, -9.186514884184221e10]
[1.2275184549461711e11, 1.6768213930360352e11, 1.6768213931060352e11]
[-2.2405985637303278e11, -3.060714557773213e11, -3.060714557703213e11]
[4.0897812196804346e11, 5.586745041969321e11, 5.586745042039321e11]
[-7.46510807223527e11, -1.0197527268704314e12, -1.0197527268634314e12]
[1.3626117275462754e12, 1.8613622353193467e12, 1.8613622353263464e12]
[-2.4871853187881157e12, -3.3975583293877295e12, -3.3975583293807295e12]
[4.539877857312563e12, 6.201588483163961e12, 6.201588483170961e12]
[-8.286672811878501e12, -1.1319805573879324e13, -1.1319805573872324e13]
[1.5125725503945121e13, 2.066212528905575e13, 2.066212528906275e13]
[-2.760909923856303e13, -3.7714730935486164e13, -3.7714730935479164e13]
[5.039509414382009e13, 6.884097882656318e13, 6.884097882657017e13]
[-9.19865400830273e13, -1.2565595055965427e14, -1.2565595055964728e14]
[1.6790371563348416e14, 2.293607409451343e14, 2.2936074094514125e14]
[-3.0647590069246656e14, -4.1865386599362956e14, -4.1865386599362256e14]
[5.594127405154812e14, 7.641720147448162e14, 7.641720147448231e14]
[-1.021100235104822e15, -1.394848860963453e15, -1.394848860963446e15]
[1.863821852127215e15, 2.546027998134336e15, 2.546027998134343e15]
[-3.40204788622961e15, -4.647283837480803e15, -4.647283837480796e15]
[6.20978330465963e15, 8.482721746161532e15, 8.482721746161538e15]
[-1.1334763642485326e16, -1.5483575081527196e16, -1.548357508152719e16]
[2.068942836291923e16, 2.826228473352596e16, 2.826228473352597e16]
[-3.776456743922978e16, -5.158735848491852e16, -5.158735848491851e16]
[6.8931945767442424e16, 9.416278905061755e16, 9.416278905061755e16]
[-1.2582199319327182e17, -1.7187603905680202e17, -1.7187603905680202e17]
[2.2966381979899133e17, 3.1372661217559366e17, 3.1372661217559366e17]
[-4.192070780792881e17, -5.7264751810255424e17, -5.726475181025543e17]
[7.651817968785096e17, 1.0452577730494683e18, 1.0452577730494683e18]
[-1.3966920238009042e18, -1.907916785775135e18, -1.907916785775135e18]
[2.5493923369674624e18, 3.4825346965109315e18, 3.4825346965109315e18]
[-4.653424790170418e18, -6.356696477973062e18, -6.356696477973063e18]
[8.493930872770553e18, 1.1602925350193504e19, 1.1602925350193506e19]
[-1.5504035183678681e19, -2.1178905922072814e19, -2.117890592207281e19]
[2.8299630710126174e19, 3.865801446775061e19, 3.865801446775061e19]
[-5.165552637371482e19, -7.056276127235151e19, -7.056276127235151e19]
[9.428721640493982e19, 1.2879873286126866e20, 1.2879873286126866e20]
[-1.7210315723189908e20, -2.3509728485028168e20, -2.350972848502817e20]
[3.141411726694689e20, 4.2912482224112835e20, 4.2912482224112835e20]
[-5.7340421845473277e20, -7.832847290463268e20, -7.832847290463267e20]
[1.0466389838291894e21, 1.429735440501803e21, 1.429735440501803e21]
[-1.9104379200821637e21, -2.6097067311853407e21, -2.6097067311853407e21]
[3.4871365417089253e21, 4.763517102439406e21, 4.763517102439406e21]
[-6.365096260232682e21, -8.69488318901117e21, -8.69488318901117e21]
[1.1618257535213502e22, 1.5870834940811623e22, 1.5870834940811623e22]
[-2.120689187340128e22, -2.8969153034375913e22, -2.8969153034375913e22]
[3.870909743281644e22, 5.287761045079425e22, 5.287761045079425e22]
[-7.065600338834354e22, -9.651789555835665e22, -9.651789555835665e22]
[1.2896892838894543e23, 1.7617483247815554e23, 1.7617483247815554e23]
[-2.3540794401253887e23, -3.21573231773793e23, -3.21573231773793e23]
[4.29691870720085e23, 5.86970011203295e23, 5.86970011203295e23]
[-7.843197668515884e23, -1.0714007262095578e24, -1.0714007262095578e24]
[1.4316247027043785e24, 1.9556357125795254e24, 1.9556357125795254e24]
[-2.61315521553242e24, -3.569636408449086e24, -3.569636408449086e24]
[4.76981164656136e24, 6.515683880469699e24, 6.515683880469699e24]
[-8.706372667203752e24, -1.1893126238214804e25, -1.1893126238214804e25]
[1.5891806770793302e25, 2.17086117609372e25, 2.17086117609372e25]
[-2.900743307158983e25, -3.962489047436858e25, -3.962489047436858e25]

julia>